Component: ARM Compiler 5.06 update 2 (build 183) Tool: armlink [4d35b7]

==============================================================================

Section Cross References

    main.o(i.main) refers to main.o(i.JTAG_Set) for JTAG_Set
    main.o(i.main) refers to misc.o(i.NVIC_PriorityGroupConfig) for NVIC_PriorityGroupConfig
    main.o(i.main) refers to bsp_bluetooth.o(i.BSP_BlueTooth_Init) for BSP_BlueTooth_Init
    main.o(i.main) refers to dma.o(i.com_x_usart_Init) for com_x_usart_Init
    main.o(i.main) refers to bsp_timer.o(i.BSP_Timer_Init) for BSP_Timer_Init
    main.o(i.main) refers to encoder.o(i.BSP_Encoder_Init) for BSP_Encoder_Init
    main.o(i.main) refers to bsp_dcmotor.o(i.BSP_DCMotor_Init) for BSP_DCMotor_Init
    main.o(i.main) refers to bsp_delay.o(i.BSP_Delay_Init) for BSP_Delay_Init
    main.o(i.main) refers to bsp_control.o(i.Set_Pwm) for Set_Pwm
    main.o(i.main) refers to bsp_delay.o(i.BSP_Delay_ms) for BSP_Delay_ms
    main.o(i.main) refers to stm32f10x_tim.o(i.TIM_SetCompare4) for TIM_SetCompare4
    main.o(i.main) refers to fflt_clz.o(x$fpl$fflt) for __aeabi_i2f
    main.o(i.main) refers to faddsub_clz.o(x$fpl$fadd) for __aeabi_fadd
    main.o(i.main) refers to ffix.o(x$fpl$ffix) for __aeabi_f2iz
    main.o(i.main) refers to faddsub_clz.o(x$fpl$fsub) for __aeabi_fsub
    main.o(i.main) refers to dflt_clz.o(x$fpl$dflt) for __aeabi_i2d
    main.o(i.main) refers to dmul.o(x$fpl$dmul) for __aeabi_dmul
    main.o(i.main) refers to dleqf.o(x$fpl$dleqf) for __aeabi_cdcmple
    main.o(i.main) refers to dfix.o(x$fpl$dfix) for __aeabi_d2iz
    main.o(i.main) refers to drleqf.o(x$fpl$drleqf) for __aeabi_cdrcmple
    main.o(i.main) refers to bsp_control.o(i.Kinematic_Analysis) for Kinematic_Analysis
    main.o(i.main) refers to fmul.o(x$fpl$fmul) for __aeabi_fmul
    main.o(i.main) refers to dma.o(i.data_pack) for data_pack
    main.o(i.main) refers to bsp_control.o(i.getVelocities) for getVelocities
    main.o(i.main) refers to encoder.o(i.Read_Encoder) for Read_Encoder
    main.o(i.main) refers to bsp_control.o(i.Incremental_PI_A) for Incremental_PI_A
    main.o(i.main) refers to bsp_control.o(i.Incremental_PI_B) for Incremental_PI_B
    main.o(i.main) refers to bsp_control.o(i.Incremental_PI_C) for Incremental_PI_C
    main.o(i.main) refers to bsp_control.o(i.Incremental_PI_D) for Incremental_PI_D
    main.o(i.main) refers to stm32f10x_it.o(.data) for delay_1ms
    main.o(i.main) refers to bsp_bluetooth.o(.data) for Flag_Direction
    main.o(i.main) refers to main.o(.data) for Move_X
    main.o(i.main) refers to dma.o(.bss) for com_x_rcv_data
    main.o(i.main) refers to bsp_control.o(.data) for Target_A
    stm32f10x_it.o(i.TIM6_IRQHandler) refers to stm32f10x_tim.o(i.TIM_GetITStatus) for TIM_GetITStatus
    stm32f10x_it.o(i.TIM6_IRQHandler) refers to stm32f10x_tim.o(i.TIM_ClearITPendingBit) for TIM_ClearITPendingBit
    stm32f10x_it.o(i.TIM6_IRQHandler) refers to stm32f10x_it.o(.data) for delay_1ms
    bsp_delay.o(i.BSP_Delay_Init) refers to misc.o(i.SysTick_CLKSourceConfig) for SysTick_CLKSourceConfig
    bsp_delay.o(i.BSP_Delay_Init) refers to system_stm32f10x.o(.data) for SystemCoreClock
    bsp_delay.o(i.BSP_Delay_Init) refers to bsp_delay.o(.data) for fac_us
    bsp_delay.o(i.BSP_Delay_ms) refers to bsp_delay.o(.data) for fac_ms
    bsp_delay.o(i.BSP_Delay_us) refers to bsp_delay.o(.data) for fac_us
    bsp_dcmotor.o(i.BSP_DCMotor1_Brake) refers to stm32f10x_tim.o(i.TIM_SetCompare3) for TIM_SetCompare3
    bsp_dcmotor.o(i.BSP_DCMotor1_Go) refers to stm32f10x_tim.o(i.TIM_SetCompare3) for TIM_SetCompare3
    bsp_dcmotor.o(i.BSP_DCMotor2_Brake) refers to stm32f10x_tim.o(i.TIM_SetCompare2) for TIM_SetCompare2
    bsp_dcmotor.o(i.BSP_DCMotor2_Go) refers to stm32f10x_tim.o(i.TIM_SetCompare2) for TIM_SetCompare2
    bsp_dcmotor.o(i.BSP_DCMotor3_Brake) refers to stm32f10x_tim.o(i.TIM_SetCompare1) for TIM_SetCompare1
    bsp_dcmotor.o(i.BSP_DCMotor3_Go) refers to stm32f10x_tim.o(i.TIM_SetCompare1) for TIM_SetCompare1
    bsp_dcmotor.o(i.BSP_DCMotor4_Brake) refers to stm32f10x_tim.o(i.TIM_SetCompare3) for TIM_SetCompare3
    bsp_dcmotor.o(i.BSP_DCMotor4_Go) refers to stm32f10x_tim.o(i.TIM_SetCompare3) for TIM_SetCompare3
    bsp_dcmotor.o(i.BSP_DCMotor_GPIO_Init) refers to stm32f10x_rcc.o(i.RCC_APB2PeriphClockCmd) for RCC_APB2PeriphClockCmd
    bsp_dcmotor.o(i.BSP_DCMotor_GPIO_Init) refers to stm32f10x_gpio.o(i.GPIO_Init) for GPIO_Init
    bsp_dcmotor.o(i.BSP_DCMotor_GPIO_Init) refers to stm32f10x_gpio.o(i.GPIO_ResetBits) for GPIO_ResetBits
    bsp_dcmotor.o(i.BSP_DCMotor_Init) refers to bsp_dcmotor.o(i.BSP_DCMotor_GPIO_Init) for BSP_DCMotor_GPIO_Init
    bsp_dcmotor.o(i.BSP_DCMotor_Init) refers to bsp_dcmotor.o(i.BSP_DCMotor_TIM1_Init) for BSP_DCMotor_TIM1_Init
    bsp_dcmotor.o(i.BSP_DCMotor_Init) refers to bsp_dcmotor.o(i.BSP_DCMotor_TIM8_Init) for BSP_DCMotor_TIM8_Init
    bsp_dcmotor.o(i.BSP_DCMotor_Init) refers to bsp_dcmotor.o(i.BSP_DCMotor1_Brake) for BSP_DCMotor1_Brake
[...]
    .ARM.Collect$$libshutdown$$0000000C      0x080001f4   Section        0  libshutdown2.o(.ARM.Collect$$libshutdown$$0000000C)
    .ARM.Collect$$libshutdown$$0000000F      0x080001f4   Section        0  libshutdown2.o(.ARM.Collect$$libshutdown$$0000000F)
    .ARM.Collect$$libshutdown$$00000010      0x080001f4   Section        2  libshutdown2.o(.ARM.Collect$$libshutdown$$00000010)
    .ARM.Collect$$rtentry$$00000000          0x080001f6   Section        0  __rtentry.o(.ARM.Collect$$rtentry$$00000000)
    .ARM.Collect$$rtentry$$00000002          0x080001f6   Section        0  __rtentry2.o(.ARM.Collect$$rtentry$$00000002)
    .ARM.Collect$$rtentry$$00000004          0x080001f6   Section        6  __rtentry4.o(.ARM.Collect$$rtentry$$00000004)
    .ARM.Collect$$rtentry$$00000009          0x080001fc   Section        0  __rtentry2.o(.ARM.Collect$$rtentry$$00000009)
    .ARM.Collect$$rtentry$$0000000A          0x080001fc   Section        4  __rtentry2.o(.ARM.Collect$$rtentry$$0000000A)
    .ARM.Collect$$rtentry$$0000000C          0x08000200   Section        0  __rtentry2.o(.ARM.Collect$$rtentry$$0000000C)
    .ARM.Collect$$rtentry$$0000000D          0x08000200   Section        8  __rtentry2.o(.ARM.Collect$$rtentry$$0000000D)
    .ARM.Collect$$rtexit$$00000000           0x08000208   Section        2  rtexit.o(.ARM.Collect$$rtexit$$00000000)
    .ARM.Collect$$rtexit$$00000002           0x0800020a   Section        0  rtexit2.o(.ARM.Collect$$rtexit$$00000002)
    .ARM.Collect$$rtexit$$00000003           0x0800020a   Section        4  rtexit2.o(.ARM.Collect$$rtexit$$00000003)
    .ARM.Collect$$rtexit$$00000004           0x0800020e   Section        6  rtexit2.o(.ARM.Collect$$rtexit$$00000004)
    .text                                    0x08000214   Section       64  startup_stm32f10x_hd.o(.text)
    .text                                    0x08000254   Section        2  use_no_semi_2.o(.text)
    .text                                    0x08000258   Section        0  noretval__2printf.o(.text)
    .text                                    0x08000270   Section        0  _printf_pad.o(.text)
    .text                                    0x080002c0   Section        0  _printf_hex_int.o(.text)
    .text                                    0x08000318   Section        0  __printf_flags_wp.o(.text)
    .text                                    0x08000450   Section       78  rt_memclr_w.o(.text)
    .text                                    0x0800049e   Section        0  heapauxi.o(.text)
    .text                                    0x080004a4   Section        2  use_no_semi.o(.text)
    .text                                    0x080004a6   Section        0  _printf_intcommon.o(.text)
    .text                                    0x08000558   Section        0  _printf_char_file.o(.text)
    .text                                    0x0800057c   Section        0  _printf_char_common.o(.text)
    _printf_input_char                       0x0800057d   Thumb Code    10  _printf_char_common.o(.text)
    .text                                    0x080005ac   Section        0  ferror.o(.text)
    .text                                    0x080005b4   Section        8  libspace.o(.text)
    .text                                    0x080005bc   Section       74  sys_stackheap_outer.o(.text)
    .text                                    0x08000606   Section        0  exit.o(.text)
    i.BSP_BlueTooth_GPIO_Init                0x08000618   Section        0  bsp_bluetooth.o(i.BSP_BlueTooth_GPIO_Init)
    BSP_BlueTooth_GPIO_Init                  0x08000619   Thumb Code    58  bsp_bluetooth.o(i.BSP_BlueTooth_GPIO_Init)
    i.BSP_BlueTooth_Init                     0x08000658   Section        0  bsp_bluetooth.o(i.BSP_BlueTooth_Init)
    i.BSP_BlueTooth_NVIC_Init                0x0800066c   Section        0  bsp_bluetooth.o(i.BSP_BlueTooth_NVIC_Init)
    BSP_BlueTooth_NVIC_Init                  0x0800066d   Thumb Code    32  bsp_bluetooth.o(i.BSP_BlueTooth_NVIC_Init)
    i.BSP_BlueTooth_USART_Init               0x0800068c   Section        0  bsp_bluetooth.o(i.BSP_BlueTooth_USART_Init)
    BSP_BlueTooth_USART_Init                 0x0800068d   Thumb Code    68  bsp_bluetooth.o(i.BSP_BlueTooth_USART_Init)
    i.BSP_DCMotor1_Brake                     0x080006d4   Section        0  bsp_dcmotor.o(i.BSP_DCMotor1_Brake)
    i.BSP_DCMotor2_Brake                     0x080006e8   Section        0  bsp_dcmotor.o(i.BSP_DCMotor2_Brake)
    i.BSP_DCMotor3_Brake                     0x080006fc   Section        0  bsp_dcmotor.o(i.BSP_DCMotor3_Brake)
    i.BSP_DCMotor4_Brake                     0x08000710   Section        0  bsp_dcmotor.o(i.BSP_DCMotor4_Brake)
    i.BSP_DCMotor_GPIO_Init                  0x08000724   Section        0  bsp_dcmotor.o(i.BSP_DCMotor_GPIO_Init)
    BSP_DCMotor_GPIO_Init                    0x08000725   Thumb Code   220  bsp_dcmotor.o(i.BSP_DCMotor_GPIO_Init)
    i.BSP_DCMotor_Init                       0x0800080c   Section        0  bsp_dcmotor.o(i.BSP_DCMotor_Init)
    i.BSP_DCMotor_TIM1_Init                  0x08000838   Section        0  bsp_dcmotor.o(i.BSP_DCMotor_TIM1_Init)
    BSP_DCMotor_TIM1_Init                    0x08000839   Thumb Code   152  bsp_dcmotor.o(i.BSP_DCMotor_TIM1_Init)
    i.BSP_DCMotor_TIM8_Init                  0x080008d4   Section        0  bsp_dcmotor.o(i.BSP_DCMotor_TIM8_Init)
    BSP_DCMotor_TIM8_Init                    0x080008d5   Thumb Code   168  bsp_dcmotor.o(i.BSP_DCMotor_TIM8_Init)
    i.BSP_Delay_Init                         0x08000980   Section        0  bsp_delay.o(i.BSP_Delay_Init)
    i.BSP_Delay_ms                           0x080009c4   Section        0  bsp_delay.o(i.BSP_Delay_ms)
    i.BSP_Encoder_Init                       0x08000a10   Section        0  encoder.o(i.BSP_Encoder_Init)
    i.BSP_Timer_Init                         0x08000a24   Section        0  bsp_timer.o(i.BSP_Timer_Init)
    i.BSP_Timer_NVIC_Init                    0x08000a34   Section        0  bsp_timer.o(i.BSP_Timer_NVIC_Init)
    BSP_Timer_NVIC_Init                      0x08000a35   Thumb Code    30  bsp_timer.o(i.BSP_Timer_NVIC_Init)
    i.BSP_Timer_TIM6_Init                    0x08000a54   Section        0  bsp_timer.o(i.BSP_Timer_TIM6_Init)
    BSP_Timer_TIM6_Init                      0x08000a55   Thumb Code    64  bsp_timer.o(i.BSP_Timer_TIM6_Init)
    i.BusFault_Handler                       0x08000a98   Section        0  stm32f10x_it.o(i.BusFault_Handler)
    i.DMA1_Channel4_IRQHandler               0x08000a9c   Section        0  dma.o(i.DMA1_Channel4_IRQHandler)
    i.DMA_ClearFlag                          0x08000ab0   Section        0  stm32f10x_dma.o(i.DMA_ClearFlag)
    i.DMA_Cmd                                0x08000acc   Section        0  stm32f10x_dma.o(i.DMA_Cmd)
    i.DMA_DeInit                             0x08000ae4   Section        0  stm32f10x_dma.o(i.DMA_DeInit)
    i.DMA_GetCurrDataCounter                 0x08000c30   Section        0  stm32f10x_dma.o(i.DMA_GetCurrDataCounter)
    i.DMA_GetITStatus                        0x08000c38   Section        0  stm32f10x_dma.o(i.DMA_GetITStatus)
    i.DMA_ITConfig                           0x08000c64   Section        0  stm32f10x_dma.o(i.DMA_ITConfig)
    i.DMA_Init                               0x08000c76   Section        0  stm32f10x_dma.o(i.DMA_Init)
    i.DebugMon_Handler                       0x08000cb2   Section        0  stm32f10x_it.o(i.DebugMon_Handler)
    i.Encoder_Init_TIM2                      0x08000cb4   Section        0  encoder.o(i.Encoder_Init_TIM2)
    i.Encoder_Init_TIM3                      0x08000d88   Section        0  encoder.o(i.Encoder_Init_TIM3)
    i.Encoder_Init_TIM4                      0x08000e24   Section        0  encoder.o(i.Encoder_Init_TIM4)
    i.Encoder_Init_TIM5                      0x08000ec0   Section        0  encoder.o(i.Encoder_Init_TIM5)
    i.GPIO_Init                              0x08000f5c   Section        0  stm32f10x_gpio.o(i.GPIO_Init)
    i.GPIO_PinRemapConfig                    0x08001074   Section        0  stm32f10x_gpio.o(i.GPIO_PinRemapConfig)
    i.GPIO_ResetBits                         0x08001104   Section        0  stm32f10x_gpio.o(i.GPIO_ResetBits)
    i.HardFault_Handler                      0x08001108   Section        0  stm32f10x_it.o(i.HardFault_Handler)
    i.Incremental_PI_A                       0x0800110c   Section        0  bsp_control.o(i.Incremental_PI_A)
    i.Incremental_PI_B                       0x080011b8   Section        0  bsp_control.o(i.Incremental_PI_B)
    i.Incremental_PI_C                       0x08001264   Section        0  bsp_control.o(i.Incremental_PI_C)
    i.Incremental_PI_D                       0x08001310   Section        0  bsp_control.o(i.Incremental_PI_D)
    i.JTAG_Set                               0x080013bc   Section        0  main.o(i.JTAG_Set)
    i.Kinematic_Analysis                     0x080013ec   Section        0  bsp_control.o(i.Kinematic_Analysis)
    i.MemManage_Handler                      0x080014a8   Section        0  stm32f10x_it.o(i.MemManage_Handler)
    i.NMI_Handler                            0x080014ac   Section        0  stm32f10x_it.o(i.NMI_Handler)
    i.NVIC_Init                              0x080014b0   Section        0  misc.o(i.NVIC_Init)
    i.NVIC_PriorityGroupConfig               0x08001520   Section        0  misc.o(i.NVIC_PriorityGroupConfig)
    i.PendSV_Handler                         0x08001534   Section        0  stm32f10x_it.o(i.PendSV_Handler)
    i.RCC_AHBPeriphClockCmd                  0x08001538   Section        0  stm32f10x_rcc.o(i.RCC_AHBPeriphClockCmd)
    i.RCC_APB1PeriphClockCmd                 0x08001558   Section        0  stm32f10x_rcc.o(i.RCC_APB1PeriphClockCmd)
    i.RCC_APB2PeriphClockCmd                 0x08001578   Section        0  stm32f10x_rcc.o(i.RCC_APB2PeriphClockCmd)
    i.RCC_GetClocksFreq                      0x08001598   Section        0  stm32f10x_rcc.o(i.RCC_GetClocksFreq)
    i.Read_Encoder                           0x0800166c   Section        0  encoder.o(i.Read_Encoder)
    i.SVC_Handler                            0x080016d4   Section        0  stm32f10x_it.o(i.SVC_Handler)
    i.SetSysClock                            0x080016d6   Section        0  system_stm32f10x.o(i.SetSysClock)
    SetSysClock                              0x080016d7   Thumb Code     8  system_stm32f10x.o(i.SetSysClock)
    i.SetSysClockTo72                        0x080016e0   Section        0  system_stm32f10x.o(i.SetSysClockTo72)
    SetSysClockTo72                          0x080016e1   Thumb Code   214  system_stm32f10x.o(i.SetSysClockTo72)
    i.Set_Pwm                                0x080017c0   Section        0  bsp_control.o(i.Set_Pwm)
    i.SysTick_CLKSourceConfig                0x0800187c   Section        0  misc.o(i.SysTick_CLKSourceConfig)
    i.SysTick_Handler                        0x080018a4   Section        0  stm32f10x_it.o(i.SysTick_Handler)
    i.SystemInit                             0x080018a8   Section        0  system_stm32f10x.o(i.SystemInit)
    i.TI1_Config                             0x08001908   Section        0  stm32f10x_tim.o(i.TI1_Config)
    TI1_Config                               0x08001909   Thumb Code   108  stm32f10x_tim.o(i.TI1_Config)
    i.TI2_Config                             0x08001988   Section        0  stm32f10x_tim.o(i.TI2_Config)
    TI2_Config                               0x08001989   Thumb Code   130  stm32f10x_tim.o(i.TI2_Config)
    i.TI3_Config                             0x08001a20   Section        0  stm32f10x_tim.o(i.TI3_Config)
    TI3_Config                               0x08001a21   Thumb Code   122  stm32f10x_tim.o(i.TI3_Config)
    i.TI4_Config                             0x08001ab0   Section        0  stm32f10x_tim.o(i.TI4_Config)
    TI4_Config                               0x08001ab1   Thumb Code   130  stm32f10x_tim.o(i.TI4_Config)
    i.TIM2_IRQHandler                        0x08001b48   Section        0  encoder.o(i.TIM2_IRQHandler)
    i.TIM3_IRQHandler                        0x08001b60   Section        0  encoder.o(i.TIM3_IRQHandler)
    i.TIM4_IRQHandler                        0x08001b78   Section        0  encoder.o(i.TIM4_IRQHandler)
    i.TIM5_IRQHandler                        0x08001b90   Section        0  encoder.o(i.TIM5_IRQHandler)
    i.TIM6_IRQHandler                        0x08001ba8   Section        0  stm32f10x_it.o(i.TIM6_IRQHandler)
    i.TIM_ARRPreloadConfig                   0x08001be0   Section        0  stm32f10x_tim.o(i.TIM_ARRPreloadConfig)
    i.TIM_ClearFlag                          0x08001bf8   Section        0  stm32f10x_tim.o(i.TIM_ClearFlag)
    i.TIM_ClearITPendingBit                  0x08001bfe   Section        0  stm32f10x_tim.o(i.TIM_ClearITPendingBit)
    i.TIM_Cmd                                0x08001c04   Section        0  stm32f10x_tim.o(i.TIM_Cmd)
    i.TIM_CtrlPWMOutputs                     0x08001c1c   Section        0  stm32f10x_tim.o(i.TIM_CtrlPWMOutputs)
    i.TIM_EncoderInterfaceConfig             0x08001c3a   Section        0  stm32f10x_tim.o(i.TIM_EncoderInterfaceConfig)
    i.TIM_GetITStatus                        0x08001c7c   Section        0  stm32f10x_tim.o(i.TIM_GetITStatus)
    i.TIM_ICInit                             0x08001ca0   Section        0  stm32f10x_tim.o(i.TIM_ICInit)
    i.TIM_ICStructInit                       0x08001d4c   Section        0  stm32f10x_tim.o(i.TIM_ICStructInit)
    i.TIM_ITConfig                           0x08001d5e   Section        0  stm32f10x_tim.o(i.TIM_ITConfig)
    i.TIM_OC1Init                            0x08001d70   Section        0  stm32f10x_tim.o(i.TIM_OC1Init)
    i.TIM_OC1PreloadConfig                   0x08001e08   Section        0  stm32f10x_tim.o(i.TIM_OC1PreloadConfig)
    i.TIM_OC2Init                            0x08001e1c   Section        0  stm32f10x_tim.o(i.TIM_OC2Init)
    i.TIM_OC2PreloadConfig                   0x08001ec0   Section        0  stm32f10x_tim.o(i.TIM_OC2PreloadConfig)
    i.TIM_OC3Init                            0x08001edc   Section        0  stm32f10x_tim.o(i.TIM_OC3Init)
    i.TIM_OC3PreloadConfig                   0x08001f7c   Section        0  stm32f10x_tim.o(i.TIM_OC3PreloadConfig)
    i.TIM_OC4Init                            0x08001f90   Section        0  stm32f10x_tim.o(i.TIM_OC4Init)
    i.TIM_OC4PreloadConfig                   0x0800200c   Section        0  stm32f10x_tim.o(i.TIM_OC4PreloadConfig)
    i.TIM_SetCompare1                        0x08002026   Section        0  stm32f10x_tim.o(i.TIM_SetCompare1)
    i.TIM_SetCompare2                        0x0800202a   Section        0  stm32f10x_tim.o(i.TIM_SetCompare2)
    i.TIM_SetCompare3                        0x0800202e   Section        0  stm32f10x_tim.o(i.TIM_SetCompare3)
    i.TIM_SetCompare4                        0x08002032   Section        0  stm32f10x_tim.o(i.TIM_SetCompare4)
    i.TIM_SetCounter                         0x08002038   Section        0  stm32f10x_tim.o(i.TIM_SetCounter)
    i.TIM_SetIC1Prescaler                    0x0800203c   Section        0  stm32f10x_tim.o(i.TIM_SetIC1Prescaler)
    i.TIM_SetIC2Prescaler                    0x0800204e   Section        0  stm32f10x_tim.o(i.TIM_SetIC2Prescaler)
    i.TIM_SetIC3Prescaler                    0x08002068   Section        0  stm32f10x_tim.o(i.TIM_SetIC3Prescaler)
    i.TIM_SetIC4Prescaler                    0x0800207a   Section        0  stm32f10x_tim.o(i.TIM_SetIC4Prescaler)
    i.TIM_TimeBaseInit                       0x08002094   Section        0  stm32f10x_tim.o(i.TIM_TimeBaseInit)
    i.TIM_TimeBaseStructInit                 0x08002138   Section        0  stm32f10x_tim.o(i.TIM_TimeBaseStructInit)
    i.USART1_IRQHandler                      0x0800214c   Section        0  dma.o(i.USART1_IRQHandler)
    i.USART2_IRQHandler                      0x0800216c   Section        0  bsp_bluetooth.o(i.USART2_IRQHandler)
    i.USART_Cmd                              0x080021c8   Section        0  stm32f10x_usart.o(i.USART_Cmd)
    i.USART_DMACmd                           0x080021e0   Section        0  stm32f10x_usart.o(i.USART_DMACmd)
    i.USART_GetITStatus                      0x080021f2   Section        0  stm32f10x_usart.o(i.USART_GetITStatus)
    i.USART_ITConfig                         0x08002246   Section        0  stm32f10x_usart.o(i.USART_ITConfig)
    i.USART_Init                             0x08002290   Section        0  stm32f10x_usart.o(i.USART_Init)
    i.USART_ReceiveData                      0x08002368   Section        0  stm32f10x_usart.o(i.USART_ReceiveData)
    i.UsageFault_Handler                     0x08002372   Section        0  stm32f10x_it.o(i.UsageFault_Handler)
    i.WWDG_ClearFlag                         0x08002378   Section        0  stm32f10x_wwdg.o(i.WWDG_ClearFlag)
    i.WWDG_IRQHandler                        0x08002384   Section        0  gy85.o(i.WWDG_IRQHandler)
    i.WWDG_SetCounter                        0x08002394   Section        0  stm32f10x_wwdg.o(i.WWDG_SetCounter)
    i._is_digit                              0x080023a4   Section        0  __printf_wp.o(i._is_digit)
    i._sys_exit                              0x080023b2   Section        0  bsp_debuguart.o(i._sys_exit)
    i.com_x_uasrt_nvic_config                0x080023b6   Section        0  dma.o(i.com_x_uasrt_nvic_config)
    i.com_x_usart_Init                       0x080023fc   Section        0  dma.o(i.com_x_usart_Init)
    i.com_x_usart_config                     0x08002414   Section        0  dma.o(i.com_x_usart_config)
    i.com_x_usart_dma_config                 0x08002480   Section        0  dma.o(i.com_x_usart_dma_config)
    i.com_x_usart_dma_read                   0x08002544   Section        0  dma.o(i.com_x_usart_dma_read)
    i.com_x_usart_dma_start_tx               0x08002608   Section        0  dma.o(i.com_x_usart_dma_start_tx)
    i.com_x_usart_dma_tx_over                0x08002620   Section        0  dma.o(i.com_x_usart_dma_tx_over)
    i.com_x_usart_gpio_config                0x08002638   Section        0  dma.o(i.com_x_usart_gpio_config)
    i.com_x_usart_rcc_config                 0x08002674   Section        0  dma.o(i.com_x_usart_rcc_config)
    i.data_pack                              0x08002690   Section        0  dma.o(i.data_pack)
    i.fputc                                  0x08002814   Section        0  bsp_debuguart.o(i.fputc)
    i.getVelocities                          0x08002834   Section        0  bsp_control.o(i.getVelocities)
    i.get_data_analyze                       0x0800298c   Section        0  dma.o(i.get_data_analyze)
    i.main                                   0x08002a34   Section        0  main.o(i.main)
    x$fpl$d2f                                0x08002eb0   Section       98  d2f.o(x$fpl$d2f)
    x$fpl$dcmpinf                            0x08002f12   Section       24  dcmpi.o(x$fpl$dcmpinf)
    x$fpl$ddiv                               0x08002f2c   Section      688  ddiv.o(x$fpl$ddiv)
    ddiv_entry                               0x08002f33   Thumb Code     0  ddiv.o(x$fpl$ddiv)
    x$fpl$dfix                               0x080031dc   Section       94  dfix.o(x$fpl$dfix)
    x$fpl$dflt                               0x0800323a   Section       46  dflt_clz.o(x$fpl$dflt)
    x$fpl$dleqf                              0x08003268   Section      120  dleqf.o(x$fpl$dleqf)
    x$fpl$dmul                               0x080032e0   Section      340  dmul.o(x$fpl$dmul)
    x$fpl$dnaninf                            0x08003434   Section      156  dnaninf.o(x$fpl$dnaninf)
    x$fpl$dretinf                            0x080034d0   Section       12  dretinf.o(x$fpl$dretinf)
    x$fpl$drleqf                             0x080034dc   Section      108  drleqf.o(x$fpl$drleqf)
    x$fpl$f2d                                0x08003548   Section       86  f2d.o(x$fpl$f2d)
    x$fpl$fadd                               0x080035a0   Section      196  faddsub_clz.o(x$fpl$fadd)
    _fadd1                                   0x080035af   Thumb Code     0  faddsub_clz.o(x$fpl$fadd)
    x$fpl$fdiv                               0x08003664   Section      388  fdiv.o(x$fpl$fdiv)
    _fdiv1                                   0x08003665   Thumb Code     0  fdiv.o(x$fpl$fdiv)
    x$fpl$ffix                               0x080037e8   Section       54  ffix.o(x$fpl$ffix)
    x$fpl$fflt                               0x08003820   Section       48  fflt_clz.o(x$fpl$fflt)
    x$fpl$fmul                               0x08003850   Section      258  fmul.o(x$fpl$fmul)
    x$fpl$fnaninf                            0x08003952   Section      140  fnaninf.o(x$fpl$fnaninf)
    x$fpl$fretinf                            0x080039de   Section       10  fretinf.o(x$fpl$fretinf)
    x$fpl$fsub                               0x080039e8   Section      234  faddsub_clz.o(x$fpl$fsub)
    _fsub1                                   0x080039f7   Thumb Code     0  faddsub_clz.o(x$fpl$fsub)
    .constdata                               0x08003ad2   Section       40  _printf_hex_int.o(.constdata)
    x$fpl$usenofp                            0x08003ad2   Section        0  usenofp.o(x$fpl$usenofp)
    uc_hextab                                0x08003ad2   Data          20  _printf_hex_int.o(.constdata)
    lc_hextab                                0x08003ae6   Data          20  _printf_hex_int.o(.constdata)
    .constdata                               0x08003afa   Section       17  __printf_flags_wp.o(.constdata)
    maptable                                 0x08003afa   Data          17  __printf_flags_wp.o(.constdata)
    .data                                    0x20000000   Section       44  main.o(.data)
    Encoder_A                                0x20000000   Data           4  main.o(.data)
    Encoder_B                                0x20000004   Data           4  main.o(.data)
    Encoder_C                                0x20000008   Data           4  main.o(.data)
    Encoder_D                                0x2000000c   Data           4  main.o(.data)
    Motor_A                                  0x20000010   Data           4  main.o(.data)
    Motor_B                                  0x20000014   Data           4  main.o(.data)
    Motor_C                                  0x20000018   Data           4  main.o(.data)
    Motor_D                                  0x2000001c   Data           4  main.o(.data)
    Move_X                                   0x20000020   Data           4  main.o(.data)
    Move_Y                                   0x20000024   Data           4  main.o(.data)
    Move_Z                                   0x20000028   Data           4  main.o(.data)
    .data                                    0x2000002c   Section        2  stm32f10x_it.o(.data)
    .data                                    0x2000002e   Section        4  bsp_delay.o(.data)
    fac_us                                   0x2000002e   Data           1  bsp_delay.o(.data)
    fac_ms                                   0x20000030   Data           2  bsp_delay.o(.data)
    .data                                    0x20000034   Section        4  bsp_debuguart.o(.data)
    .data                                    0x20000038   Section      204  bsp_control.o(.data)
    Bias                                     0x20000094   Data           4  bsp_control.o(.data)
    Pwm                                      0x20000098   Data           4  bsp_control.o(.data)
    Last_bias                                0x2000009c   Data           4  bsp_control.o(.data)
    Bias                                     0x200000a0   Data           4  bsp_control.o(.data)
    Pwm                                      0x200000a4   Data           4  bsp_control.o(.data)
    Last_bias                                0x200000a8   Data           4  bsp_control.o(.data)
    Bias                                     0x200000ac   Data           4  bsp_control.o(.data)
    Pwm                                      0x200000b0   Data           4  bsp_control.o(.data)
    Last_bias                                0x200000b4   Data           4  bsp_control.o(.data)
    Bias                                     0x200000b8   Data           4  bsp_control.o(.data)
    Pwm                                      0x200000bc   Data           4  bsp_control.o(.data)
    Last_bias                                0x200000c0   Data           4  bsp_control.o(.data)
    Bias                                     0x200000c4   Data           4  bsp_control.o(.data)
    Pwm                                      0x200000c8   Data           4  bsp_control.o(.data)
    Integral_bias                            0x200000cc   Data           4  bsp_control.o(.data)
    Last_Bias                                0x200000d0   Data           4  bsp_control.o(.data)
    Bias                                     0x200000d4   Data           4  bsp_control.o(.data)
    Pwm                                      0x200000d8   Data           4  bsp_control.o(.data)
    Integral_bias                            0x200000dc   Data           4  bsp_control.o(.data)
    Last_Bias                                0x200000e0   Data           4  bsp_control.o(.data)
    Bias                                     0x200000e4   Data           4  bsp_control.o(.data)
    Pwm                                      0x200000e8   Data           4  bsp_control.o(.data)
    Integral_bias                            0x200000ec   Data           4  bsp_control.o(.data)
    Last_Bias                                0x200000f0   Data           4  bsp_control.o(.data)
    Bias                                     0x200000f4   Data           4  bsp_control.o(.data)
    Pwm                                      0x200000f8   Data           4  bsp_control.o(.data)
    Integral_bias                            0x200000fc   Data           4  bsp_control.o(.data)
    Last_Bias                                0x20000100   Data           4  bsp_control.o(.data)
    .data                                    0x20000104   Section        8  bsp_bluetooth.o(.data)
    .data                                    0x2000010c   Section       20  system_stm32f10x.o(.data)
    .data                                    0x20000120   Section       20  stm32f10x_rcc.o(.data)
    APBAHBPrescTable                         0x20000120   Data          16  stm32f10x_rcc.o(.data)
    ADCPrescTable                            0x20000130   Data           4  stm32f10x_rcc.o(.data)
    .bss                                     0x20000134   Section      228  dma.o(.bss)
    .bss                                     0x20000218   Section       96  libspace.o(.bss)
    HEAP                                     0x20000278   Section      512  startup_stm32f10x_hd.o(HEAP)
    Heap_Mem                                 0x20000278   Data         512  startup_stm32f10x_hd.o(HEAP)
    STACK                                    0x20000478   Section     1024  startup_stm32f10x_hd.o(STACK)
    Stack_Mem                                0x20000478   Data        1024  startup_stm32f10x_hd.o(STACK)
    __initial_sp                             0x20000878   Data           0  startup_stm32f10x_hd.o(STACK)

    Global Symbols

    Symbol Name                              Value     Ov Type        Size  Object(Section)

    BuildAttributes$$THM_ISAv4$P$D$K$B$S$PE$A:L22UL41UL21$X:L11$S22US41US21$IEEE1$IW$USESV6$~STKCKD$USESV7$~SHL$OTIME$ROPI$IEEEX$EBA8$UX$STANDARDLIB$REQ8$PRES8$EABIv2 0x00000000   Number         0  anon$$obj.o ABSOLUTE
    __ARM_use_no_argv                        0x00000000   Number         0  main.o ABSOLUTE
    _printf_flags                            0x00000000   Number         0  printf_stubs.o ABSOLUTE
    _printf_return_value                     0x00000000   Number         0  printf_stubs.o ABSOLUTE
    _printf_sizespec                         0x00000000   Number         0  printf_stubs.o ABSOLUTE
    _printf_widthprec                        0x00000000   Number         0  printf_stubs.o ABSOLUTE
    __ARM_exceptions_init                     - Undefined Weak Reference
    __alloca_initialize                       - Undefined Weak Reference
    __arm_preinit_                            - Undefined Weak Reference
    __cpp_initialize__aeabi_                  - Undefined Weak Reference
    __cxa_finalize                            - Undefined Weak Reference
    __rt_locale                               - Undefined Weak Reference
    __sigvec_lookup                           - Undefined Weak Reference
    _atexit_init                              - Undefined Weak Reference
    _call_atexit_fns                          - Undefined Weak Reference
    _clock_init                               - Undefined Weak Reference
    _fp_trap_init                             - Undefined Weak Reference
    _fp_trap_shutdown                         - Undefined Weak Reference
    _get_lc_collate                           - Undefined Weak Reference
    _get_lc_ctype                             - Undefined Weak Reference
    _get_lc_monetary                          - Undefined Weak Reference
    _get_lc_numeric                           - Undefined Weak Reference
    _get_lc_time                              - Undefined Weak Reference
    _getenv_init                              - Undefined Weak Reference
    _handle_redirection                       - Undefined Weak Reference
    _init_alloc                               - Undefined Weak Reference
    _init_user_alloc                          - Undefined Weak Reference
    _initio                                   - Undefined Weak Reference
    _mutex_acquire                            - Undefined Weak Reference
    _mutex_release                            - Undefined Weak Reference
    _printf_truncate_unsigned                 - Undefined Weak Reference
    _rand_init                                - Undefined Weak Reference
    _signal_finish                            - Undefined Weak Reference
    _signal_init                              - Undefined Weak Reference
    _terminate_alloc                          - Undefined Weak Reference
    _terminate_user_alloc                     - Undefined Weak Reference
    _terminateio                              - Undefined Weak Reference
    __Vectors_Size                           0x00000130   Number         0  startup_stm32f10x_hd.o ABSOLUTE
    __Vectors                                0x08000000   Data           4  startup_stm32f10x_hd.o(RESET)
    __Vectors_End                            0x08000130   Data           0  startup_stm32f10x_hd.o(RESET)
    __main                                   0x08000131   Thumb Code     8  __main.o(!!!main)
    __scatterload                            0x08000139   Thumb Code     0  __scatter.o(!!!scatter)
    __scatterload_rt2                        0x08000139   Thumb Code    44  __scatter.o(!!!scatter)
    __scatterload_rt2_thumb_only             0x08000139   Thumb Code     0  __scatter.o(!!!scatter)
    __scatterload_null                       0x08000147   Thumb Code     0  __scatter.o(!!!scatter)
    __decompress                             0x0800016d   Thumb Code    90  __dczerorl2.o(!!dczerorl2)
    __decompress1                            0x0800016d   Thumb Code     0  __dczerorl2.o(!!dczerorl2)
    __scatterload_zeroinit                   0x080001c9   Thumb Code    28  __scatter_zi.o(!!handler_zi)
    _printf_percent                          0x080001e5   Thumb Code     0  _printf_percent.o(.ARM.Collect$$_printf_percent$$00000000)
    _printf_x                                0x080001e5   Thumb Code     0  _printf_x.o(.ARM.Collect$$_printf_percent$$0000000C)
    _printf_percent_end                      0x080001eb   Thumb Code     0  _printf_percent_end.o(.ARM.Collect$$_printf_percent$$00000017)
    __rt_lib_init                            0x080001ef   Thumb Code     0  libinit.o(.ARM.Collect$$libinit$$00000000)
    __rt_lib_init_alloca_1                   0x080001f1   Thumb Code     0  libinit2.o(.ARM.Collect$$libinit$$0000002E)
    __rt_lib_init_argv_1                     0x080001f1   Thumb Code     0  libinit2.o(.ARM.Collect$$libinit$$0000002C)
    __rt_lib_init_atexit_1                   0x080001f1   Thumb Code     0  libinit2.o(.ARM.Collect$$libinit$$0000001B)
    __rt_lib_init_clock_1                    0x080001f1   Thumb Code     0  libinit2.o(.ARM.Collect$$libinit$$00000021)
    __rt_lib_init_cpp_1                      0x080001f1   Thumb Code     0  libinit2.o(.ARM.Collect$$libinit$$00000032)
    __rt_lib_init_exceptions_1               0x080001f1   Thumb Code     0  libinit2.o(.ARM.Collect$$libinit$$00000030)
    __rt_lib_init_fp_1                       0x080001f1   Thumb Code     0  libinit2.o(.ARM.Collect$$libinit$$00000002)
    __rt_lib_init_fp_trap_1                  0x080001f1   Thumb Code     0  libinit2.o(.ARM.Collect$$libinit$$0000001F)
    __rt_lib_init_getenv_1                   0x080001f1   Thumb Code     0  libinit2.o(.ARM.Collect$$libinit$$00000023)
    __rt_lib_init_heap_1                     0x080001f1   Thumb Code     0  libinit2.o(.ARM.Collect$$libinit$$0000000A)
    __rt_lib_init_lc_collate_1               0x080001f1   Thumb Code     0  libinit2.o(.ARM.Collect$$libinit$$00000011)
    __rt_lib_init_lc_ctype_1                 0x080001f1   Thumb Code     0  libinit2.o(.ARM.Collect$$libinit$$00000013)
    __rt_lib_init_lc_monetary_1              0x080001f1   Thumb Code     0  libinit2.o(.ARM.Collect$$libinit$$00000015)
    __rt_lib_init_lc_numeric_1               0x080001f1   Thumb Code     0  libinit2.o(.ARM.Collect$$libinit$$00000017)
    __rt_lib_init_lc_time_1                  0x080001f1   Thumb Code     0  libinit2.o(.ARM.Collect$$libinit$$00000019)
    __rt_lib_init_preinit_1                  0x080001f1   Thumb Code     0  libinit2.o(.ARM.Collect$$libinit$$00000004)
    __rt_lib_init_rand_1                     0x080001f1   Thumb Code     0  libinit2.o(.ARM.Collect$$libinit$$0000000E)
    __rt_lib_init_return                     0x080001f1   Thumb Code     0  libinit2.o(.ARM.Collect$$libinit$$00000033)
    __rt_lib_init_signal_1                   0x080001f1   Thumb Code     0  libinit2.o(.ARM.Collect$$libinit$$0000001D)
    __rt_lib_init_stdio_1                    0x080001f1   Thumb Code     0  libinit2.o(.ARM.Collect$$libinit$$00000025)
    __rt_lib_init_user_alloc_1               0x080001f1   Thumb Code     0  libinit2.o(.ARM.Collect$$libinit$$0000000C)
    __rt_lib_shutdown                        0x080001f3   Thumb Code     0  libshutdown.o(.ARM.Collect$$libshutdown$$00000000)
    __rt_lib_shutdown_cpp_1                  0x080001f5   Thumb Code     0  libshutdown2.o(.ARM.Collect$$libshutdown$$00000002)
    __rt_lib_shutdown_fp_trap_1              0x080001f5   Thumb Code     0  libshutdown2.o(.ARM.Collect$$libshutdown$$00000007)
    __rt_lib_shutdown_heap_1                 0x080001f5   Thumb Code     0  libshutdown2.o(.ARM.Collect$$libshutdown$$0000000F)
    __rt_lib_shutdown_return                 0x080001f5   Thumb Code     0  libshutdown2.o(.ARM.Collect$$libshutdown$$00000010)
    __rt_lib_shutdown_signal_1               0x080001f5   Thumb Code     0  libshutdown2.o(.ARM.Collect$$libshutdown$$0000000A)
    __rt_lib_shutdown_stdio_1                0x080001f5   Thumb Code     0  libshutdown2.o(.ARM.Collect$$libshutdown$$00000004)
    __rt_lib_shutdown_user_alloc_1           0x080001f5   Thumb Code     0  libshutdown2.o(.ARM.Collect$$libshutdown$$0000000C)
    __rt_entry                               0x080001f7   Thumb Code     0  __rtentry.o(.ARM.Collect$$rtentry$$00000000)
    __rt_entry_presh_1                       0x080001f7   Thumb Code     0  __rtentry2.o(.ARM.Collect$$rtentry$$00000002)
    __rt_entry_sh                            0x080001f7   Thumb Code     0  __rtentry4.o(.ARM.Collect$$rtentry$$00000004)
    __rt_entry_li                            0x080001fd   Thumb Code     0  __rtentry2.o(.ARM.Collect$$rtentry$$0000000A)
    __rt_entry_postsh_1                      0x080001fd   Thumb Code     0  __rtentry2.o(.ARM.Collect$$rtentry$$00000009)
    __rt_entry_main                          0x08000201   Thumb Code     0  __rtentry2.o(.ARM.Collect$$rtentry$$0000000D)
    __rt_entry_postli_1                      0x08000201   Thumb Code     0  __rtentry2.o(.ARM.Collect$$rtentry$$0000000C)
    __rt_exit                                0x08000209   Thumb Code     0  rtexit.o(.ARM.Collect$$rtexit$$00000000)
    __rt_exit_ls                             0x0800020b   Thumb Code     0  rtexit2.o(.ARM.Collect$$rtexit$$00000003)
    __rt_exit_prels_1                        0x0800020b   Thumb Code     0  rtexit2.o(.ARM.Collect$$rtexit$$00000002)
    __rt_exit_exit                           0x0800020f   Thumb Code     0  rtexit2.o(.ARM.Collect$$rtexit$$00000004)
    Reset_Handler                            0x08000215   Thumb Code     8  startup_stm32f10x_hd.o(.text)
    ADC1_2_IRQHandler                        0x0800022f   Thumb Code     0  startup_stm32f10x_hd.o(.text)
    ADC3_IRQHandler                          0x0800022f   Thumb Code     0  startup_stm32f10x_hd.o(.text)
    CAN1_RX1_IRQHandler                      0x0800022f   Thumb Code     0  startup_stm32f10x_hd.o(.text)
    CAN1_SCE_IRQHandler                      0x0800022f   Thumb Code     0  startup_stm32f10x_hd.o(.text)
    DMA1_Channel1_IRQHandler                 0x0800022f   Thumb Code     0  startup_stm32f10x_hd.o(.text)
    DMA1_Channel2_IRQHandler                 0x0800022f   Thumb Code     0  startup_stm32f10x_hd.o(.text)
    DMA1_Channel3_IRQHandler                 0x0800022f   Thumb Code     0  startup_stm32f10x_hd.o(.text)
    DMA1_Channel5_IRQHandler                 0x0800022f   Thumb Code     0  startup_stm32f10x_hd.o(.text)
    DMA1_Channel6_IRQHandler                 0x0800022f   Thumb Code     0  startup_stm32f10x_hd.o(.text)
    DMA1_Channel7_IRQHandler                 0x0800022f   Thumb Code     0  startup_stm32f10x_hd.o(.text)
    DMA2_Channel1_IRQHandler                 0x0800022f   Thumb Code     0  startup_stm32f10x_hd.o(.text)
    DMA2_Channel2_IRQHandler                 0x0800022f   Thumb Code     0  startup_stm32f10x_hd.o(.text)
    DMA2_Channel3_IRQHandler                 0x0800022f   Thumb Code     0  startup_stm32f10x_hd.o(.text)
    DMA2_Channel4_5_IRQHandler               0x0800022f   Thumb Code     0  startup_stm32f10x_hd.o(.text)
    EXTI0_IRQHandler                         0x0800022f   Thumb Code     0  startup_stm32f10x_hd.o(.text)
    EXTI15_10_IRQHandler                     0x0800022f   Thumb Code     0  startup_stm32f10x_hd.o(.text)
    EXTI1_IRQHandler                         0x0800022f   Thumb Code     0  startup_stm32f10x_hd.o(.text)
    EXTI2_IRQHandler                         0x0800022f   Thumb Code     0  startup_stm32f10x_hd.o(.text)
    EXTI3_IRQHandler                         0x0800022f   Thumb Code     0  startup_stm32f10x_hd.o(.text)
    EXTI4_IRQHandler                         0x0800022f   Thumb Code     0  startup_stm32f10x_hd.o(.text)
    EXTI9_5_IRQHandler                       0x0800022f   Thumb Code     0  startup_stm32f10x_hd.o(.text)
    FLASH_IRQHandler                         0x0800022f   Thumb Code     0  startup_stm32f10x_hd.o(.text)
    FSMC_IRQHandler                          0x0800022f   Thumb Code     0  startup_stm32f10x_hd.o(.text)
    I2C1_ER_IRQHandler                       0x0800022f   Thumb Code     0  startup_stm32f10x_hd.o(.text)
    I2C1_EV_IRQHandler                       0x0800022f   Thumb Code     0  startup_stm32f10x_hd.o(.text)
    I2C2_ER_IRQHandler                       0x0800022f   Thumb Code     0  startup_stm32f10x_hd.o(.text)
    I2C2_EV_IRQHandler                       0x0800022f   Thumb Code     0  startup_stm32f10x_hd.o(.text)
    PVD_IRQHandler                           0x0800022f   Thumb Code     0  startup_stm32f10x_hd.o(.text)
    RCC_IRQHandler                           0x0800022f   Thumb Code     0  startup_stm32f10x_hd.o(.text)
    RTCAlarm_IRQHandler                      0x0800022f   Thumb Code     0  startup_stm32f10x_hd.o(.text)
    RTC_IRQHandler                           0x0800022f   Thumb Code     0  startup_stm32f10x_hd.o(.text)
    SDIO_IRQHandler                          0x0800022f   Thumb Code     0  startup_stm32f10x_hd.o(.text)
    SPI1_IRQHandler                          0x0800022f   Thumb Code     0  startup_stm32f10x_hd.o(.text)
    SPI2_IRQHandler                          0x0800022f   Thumb Code     0  startup_stm32f10x_hd.o(.text)
    SPI3_IRQHandler                          0x0800022f   Thumb Code     0  startup_stm32f10x_hd.o(.text)
    TAMPER_IRQHandler                        0x0800022f   Thumb Code     0  startup_stm32f10x_hd.o(.text)
    TIM1_BRK_IRQHandler                      0x0800022f   Thumb Code     0  startup_stm32f10x_hd.o(.text)
    TIM1_CC_IRQHandler                       0x0800022f   Thumb Code     0  startup_stm32f10x_hd.o(.text)
    TIM1_TRG_COM_IRQHandler                  0x0800022f   Thumb Code     0  startup_stm32f10x_hd.o(.text)
    TIM1_UP_IRQHandler                       0x0800022f   Thumb Code     0  startup_stm32f10x_hd.o(.text)
    TIM7_IRQHandler                          0x0800022f   Thumb Code     0  startup_stm32f10x_hd.o(.text)
    TIM8_BRK_IRQHandler                      0x0800022f   Thumb Code     0  startup_stm32f10x_hd.o(.text)
    TIM8_CC_IRQHandler                       0x0800022f   Thumb Code     0  startup_stm32f10x_hd.o(.text)
    TIM8_TRG_COM_IRQHandler                  0x0800022f   Thumb Code     0  startup_stm32f10x_hd.o(.text)
    TIM8_UP_IRQHandler                       0x0800022f   Thumb Code     0  startup_stm32f10x_hd.o(.text)
    UART4_IRQHandler                         0x0800022f   Thumb Code     0  startup_stm32f10x_hd.o(.text)
    UART5_IRQHandler                         0x0800022f   Thumb Code     0  startup_stm32f10x_hd.o(.text)
    USART3_IRQHandler                        0x0800022f   Thumb Code     0  startup_stm32f10x_hd.o(.text)
    USBWakeUp_IRQHandler                     0x0800022f   Thumb Code     0  startup_stm32f10x_hd.o(.text)
    USB_HP_CAN1_TX_IRQHandler                0x0800022f   Thumb Code     0  startup_stm32f10x_hd.o(.text)
    USB_LP_CAN1_RX0_IRQHandler               0x0800022f   Thumb Code     0  startup_stm32f10x_hd.o(.text)
    __user_initial_stackheap                 0x08000231   Thumb Code     0  startup_stm32f10x_hd.o(.text)
    __use_no_semihosting                     0x08000255   Thumb Code     2  use_no_semi_2.o(.text)
    __2printf                                0x08000259   Thumb Code    20  noretval__2printf.o(.text)
    _printf_pre_padding                      0x08000271   Thumb Code    44  _printf_pad.o(.text)
    _printf_post_padding                     0x0800029d   Thumb Code    34  _printf_pad.o(.text)
    _printf_int_hex                          0x080002c1   Thumb Code    84  _printf_hex_int.o(.text)
    _printf_longlong_hex                     0x080002c1   Thumb Code     0  _printf_hex_int.o(.text)
    __printf                                 0x08000319   Thumb Code   308  __printf_flags_wp.o(.text)
    __aeabi_memclr4                          0x08000451   Thumb Code     0  rt_memclr_w.o(.text)
    __aeabi_memclr8                          0x08000451   Thumb Code     0  rt_memclr_w.o(.text)
    __rt_memclr_w                            0x08000451   Thumb Code    78  rt_memclr_w.o(.text)
    _memset_w                                0x08000455   Thumb Code     0  rt_memclr_w.o(.text)
    __use_two_region_memory                  0x0800049f   Thumb Code     2  heapauxi.o(.text)
    __rt_heap_escrow$2region                 0x080004a1   Thumb Code     2  heapauxi.o(.text)
    __rt_heap_expand$2region                 0x080004a3   Thumb Code     2  heapauxi.o(.text)
    __I$use$semihosting                      0x080004a5   Thumb Code     0  use_no_semi.o(.text)
    __use_no_semihosting_swi                 0x080004a5   Thumb Code     2  use_no_semi.o(.text)
    _printf_int_common                       0x080004a7   Thumb Code   178  _printf_intcommon.o(.text)
    _printf_char_file                        0x08000559   Thumb Code    32  _printf_char_file.o(.text)
    _printf_char_common                      0x08000587   Thumb Code    32  _printf_char_common.o(.text)
    ferror                                   0x080005ad   Thumb Code     8  ferror.o(.text)
    __user_libspace                          0x080005b5   Thumb Code     8  libspace.o(.text)
    __user_perproc_libspace                  0x080005b5   Thumb Code     0  libspace.o(.text)
    __user_perthread_libspace                0x080005b5   Thumb Code     0  libspace.o(.text)
    __user_setup_stackheap                   0x080005bd   Thumb Code    74  sys_stackheap_outer.o(.text)
    exit                                     0x08000607   Thumb Code    18  exit.o(.text)
    BSP_BlueTooth_Init                       0x08000659   Thumb Code    20  bsp_bluetooth.o(i.BSP_BlueTooth_Init)
    BSP_DCMotor1_Brake                       0x080006d5   Thumb Code    14  bsp_dcmotor.o(i.BSP_DCMotor1_Brake)
    BSP_DCMotor2_Brake                       0x080006e9   Thumb Code    14  bsp_dcmotor.o(i.BSP_DCMotor2_Brake)
    BSP_DCMotor3_Brake                       0x080006fd   Thumb Code    14  bsp_dcmotor.o(i.BSP_DCMotor3_Brake)
    BSP_DCMotor4_Brake                       0x08000711   Thumb Code    14  bsp_dcmotor.o(i.BSP_DCMotor4_Brake)
    BSP_DCMotor_Init                         0x0800080d   Thumb Code    44  bsp_dcmotor.o(i.BSP_DCMotor_Init)
    BSP_Delay_Init                           0x08000981   Thumb Code    50  bsp_delay.o(i.BSP_Delay_Init)
    BSP_Delay_ms                             0x080009c5   Thumb Code    72  bsp_delay.o(i.BSP_Delay_ms)
    BSP_Encoder_Init                         0x08000a11   Thumb Code    20  encoder.o(i.BSP_Encoder_Init)
    BSP_Timer_Init                           0x08000a25   Thumb Code    16  bsp_timer.o(i.BSP_Timer_Init)
    BusFault_Handler                         0x08000a99   Thumb Code     4  stm32f10x_it.o(i.BusFault_Handler)
    DMA1_Channel4_IRQHandler                 0x08000a9d   Thumb Code    18  dma.o(i.DMA1_Channel4_IRQHandler)
    DMA_ClearFlag                            0x08000ab1   Thumb Code    18  stm32f10x_dma.o(i.DMA_ClearFlag)
    DMA_Cmd                                  0x08000acd   Thumb Code    24  stm32f10x_dma.o(i.DMA_Cmd)
    DMA_DeInit                               0x08000ae5   Thumb Code   324  stm32f10x_dma.o(i.DMA_DeInit)
    DMA_GetCurrDataCounter                   0x08000c31   Thumb Code     8  stm32f10x_dma.o(i.DMA_GetCurrDataCounter)
    DMA_GetITStatus                          0x08000c39   Thumb Code    36  stm32f10x_dma.o(i.DMA_GetITStatus)
    DMA_ITConfig                             0x08000c65   Thumb Code    18  stm32f10x_dma.o(i.DMA_ITConfig)
    DMA_Init                                 0x08000c77   Thumb Code    60  stm32f10x_dma.o(i.DMA_Init)
    DebugMon_Handler                         0x08000cb3   Thumb Code     2  stm32f10x_it.o(i.DebugMon_Handler)
    Encoder_Init_TIM2                        0x08000cb5   Thumb Code   200  encoder.o(i.Encoder_Init_TIM2)
    Encoder_Init_TIM3                        0x08000d89   Thumb Code   148  encoder.o(i.Encoder_Init_TIM3)
    Encoder_Init_TIM4                        0x08000e25   Thumb Code   148  encoder.o(i.Encoder_Init_TIM4)
    Encoder_Init_TIM5                        0x08000ec1   Thumb Code   148  encoder.o(i.Encoder_Init_TIM5)
    GPIO_Init                                0x08000f5d   Thumb Code   278  stm32f10x_gpio.o(i.GPIO_Init)
    GPIO_PinRemapConfig                      0x08001075   Thumb Code   138  stm32f10x_gpio.o(i.GPIO_PinRemapConfig)
    GPIO_ResetBits                           0x08001105   Thumb Code     4  stm32f10x_gpio.o(i.GPIO_ResetBits)
    HardFault_Handler                        0x08001109   Thumb Code     4  stm32f10x_it.o(i.HardFault_Handler)
    Incremental_PI_A                         0x0800110d   Thumb Code   148  bsp_control.o(i.Incremental_PI_A)
    Incremental_PI_B                         0x080011b9   Thumb Code   148  bsp_control.o(i.Incremental_PI_B)
    Incremental_PI_C                         0x08001265   Thumb Code   148  bsp_control.o(i.Incremental_PI_C)
    Incremental_PI_D                         0x08001311   Thumb Code   148  bsp_control.o(i.Incremental_PI_D)
    JTAG_Set                                 0x080013bd   Thumb Code    38  main.o(i.JTAG_Set)
    Kinematic_Analysis                       0x080013ed   Thumb Code   166  bsp_control.o(i.Kinematic_Analysis)
    MemManage_Handler                        0x080014a9   Thumb Code     4  stm32f10x_it.o(i.MemManage_Handler)
    NMI_Handler                              0x080014ad   Thumb Code     2  stm32f10x_it.o(i.NMI_Handler)
    NVIC_Init                                0x080014b1   Thumb Code   100  misc.o(i.NVIC_Init)
    NVIC_PriorityGroupConfig                 0x08001521   Thumb Code    10  misc.o(i.NVIC_PriorityGroupConfig)
    PendSV_Handler                           0x08001535   Thumb Code     2  stm32f10x_it.o(i.PendSV_Handler)
    RCC_AHBPeriphClockCmd                    0x08001539   Thumb Code    26  stm32f10x_rcc.o(i.RCC_AHBPeriphClockCmd)
    RCC_APB1PeriphClockCmd                   0x08001559   Thumb Code    26  stm32f10x_rcc.o(i.RCC_APB1PeriphClockCmd)
    RCC_APB2PeriphClockCmd                   0x08001579   Thumb Code    26  stm32f10x_rcc.o(i.RCC_APB2PeriphClockCmd)
    RCC_GetClocksFreq                        0x08001599   Thumb Code   192  stm32f10x_rcc.o(i.RCC_GetClocksFreq)
    Read_Encoder                             0x0800166d   Thumb Code    92  encoder.o(i.Read_Encoder)
    SVC_Handler                              0x080016d5   Thumb Code     2  stm32f10x_it.o(i.SVC_Handler)
    Set_Pwm                                  0x080017c1   Thumb Code   170  bsp_control.o(i.Set_Pwm)
    SysTick_CLKSourceConfig                  0x0800187d   Thumb Code    40  misc.o(i.SysTick_CLKSourceConfig)
    SysTick_Handler                          0x080018a5   Thumb Code     2  stm32f10x_it.o(i.SysTick_Handler)
    SystemInit                               0x080018a9   Thumb Code    78  system_stm32f10x.o(i.SystemInit)
    TIM2_IRQHandler                          0x08001b49   Thumb Code    24  encoder.o(i.TIM2_IRQHandler)
    TIM3_IRQHandler                          0x08001b61   Thumb Code    18  encoder.o(i.TIM3_IRQHandler)
    TIM4_IRQHandler                          0x08001b79   Thumb Code    18  encoder.o(i.TIM4_IRQHandler)
    TIM5_IRQHandler                          0x08001b91   Thumb Code    18  encoder.o(i.TIM5_IRQHandler)
    TIM6_IRQHandler                          0x08001ba9   Thumb Code    46  stm32f10x_it.o(i.TIM6_IRQHandler)
    TIM_ARRPreloadConfig                     0x08001be1   Thumb Code    24  stm32f10x_tim.o(i.TIM_ARRPreloadConfig)
    TIM_ClearFlag                            0x08001bf9   Thumb Code     6  stm32f10x_tim.o(i.TIM_ClearFlag)
    TIM_ClearITPendingBit                    0x08001bff   Thumb Code     6  stm32f10x_tim.o(i.TIM_ClearITPendingBit)
    TIM_Cmd                                  0x08001c05   Thumb Code    24  stm32f10x_tim.o(i.TIM_Cmd)
    TIM_CtrlPWMOutputs                       0x08001c1d   Thumb Code    30  stm32f10x_tim.o(i.TIM_CtrlPWMOutputs)
    TIM_EncoderInterfaceConfig               0x08001c3b   Thumb Code    66  stm32f10x_tim.o(i.TIM_EncoderInterfaceConfig)
    TIM_GetITStatus                          0x08001c7d   Thumb Code    34  stm32f10x_tim.o(i.TIM_GetITStatus)
    TIM_ICInit                               0x08001ca1   Thumb Code   150  stm32f10x_tim.o(i.TIM_ICInit)
    TIM_ICStructInit                         0x08001d4d   Thumb Code    18  stm32f10x_tim.o(i.TIM_ICStructInit)
    TIM_ITConfig                             0x08001d5f   Thumb Code    18  stm32f10x_tim.o(i.TIM_ITConfig)
    TIM_OC1Init                              0x08001d71   Thumb Code   132  stm32f10x_tim.o(i.TIM_OC1Init)
    TIM_OC1PreloadConfig                     0x08001e09   Thumb Code    18  stm32f10x_tim.o(i.TIM_OC1PreloadConfig)
    TIM_OC2Init                              0x08001e1d   Thumb Code   154  stm32f10x_tim.o(i.TIM_OC2Init)
    TIM_OC2PreloadConfig                     0x08001ec1   Thumb Code    26  stm32f10x_tim.o(i.TIM_OC2PreloadConfig)
    TIM_OC3Init                              0x08001edd   Thumb Code   150  stm32f10x_tim.o(i.TIM_OC3Init)
    TIM_OC3PreloadConfig                     0x08001f7d   Thumb Code    18  stm32f10x_tim.o(i.TIM_OC3PreloadConfig)
    TIM_OC4Init                              0x08001f91   Thumb Code   114  stm32f10x_tim.o(i.TIM_OC4Init)
    TIM_OC4PreloadConfig                     0x0800200d   Thumb Code    26  stm32f10x_tim.o(i.TIM_OC4PreloadConfig)
    TIM_SetCompare1                          0x08002027   Thumb Code     4  stm32f10x_tim.o(i.TIM_SetCompare1)
    TIM_SetCompare2                          0x0800202b   Thumb Code     4  stm32f10x_tim.o(i.TIM_SetCompare2)
    TIM_SetCompare3                          0x0800202f   Thumb Code     4  stm32f10x_tim.o(i.TIM_SetCompare3)
    TIM_SetCompare4                          0x08002033   Thumb Code     6  stm32f10x_tim.o(i.TIM_SetCompare4)
    TIM_SetCounter                           0x08002039   Thumb Code     4  stm32f10x_tim.o(i.TIM_SetCounter)
    TIM_SetIC1Prescaler                      0x0800203d   Thumb Code    18  stm32f10x_tim.o(i.TIM_SetIC1Prescaler)
    TIM_SetIC2Prescaler                      0x0800204f   Thumb Code    26  stm32f10x_tim.o(i.TIM_SetIC2Prescaler)
    TIM_SetIC3Prescaler                      0x08002069   Thumb Code    18  stm32f10x_tim.o(i.TIM_SetIC3Prescaler)
    TIM_SetIC4Prescaler                      0x0800207b   Thumb Code    26  stm32f10x_tim.o(i.TIM_SetIC4Prescaler)
    TIM_TimeBaseInit                         0x08002095   Thumb Code   122  stm32f10x_tim.o(i.TIM_TimeBaseInit)
    TIM_TimeBaseStructInit                   0x08002139   Thumb Code    18  stm32f10x_tim.o(i.TIM_TimeBaseStructInit)
    USART1_IRQHandler                        0x0800214d   Thumb Code    26  dma.o(i.USART1_IRQHandler)
    USART2_IRQHandler                        0x0800216d   Thumb Code    80  bsp_bluetooth.o(i.USART2_IRQHandler)
    USART_Cmd                                0x080021c9   Thumb Code    24  stm32f10x_usart.o(i.USART_Cmd)
    USART_DMACmd                             0x080021e1   Thumb Code    18  stm32f10x_usart.o(i.USART_DMACmd)
    USART_GetITStatus                        0x080021f3   Thumb Code    84  stm32f10x_usart.o(i.USART_GetITStatus)
    USART_ITConfig                           0x08002247   Thumb Code    74  stm32f10x_usart.o(i.USART_ITConfig)
    USART_Init                               0x08002291   Thumb Code   210  stm32f10x_usart.o(i.USART_Init)
    USART_ReceiveData                        0x08002369   Thumb Code    10  stm32f10x_usart.o(i.USART_ReceiveData)
    UsageFault_Handler                       0x08002373   Thumb Code     4  stm32f10x_it.o(i.UsageFault_Handler)
    WWDG_ClearFlag                           0x08002379   Thumb Code     8  stm32f10x_wwdg.o(i.WWDG_ClearFlag)
    WWDG_IRQHandler                          0x08002385   Thumb Code    14  gy85.o(i.WWDG_IRQHandler)
    WWDG_SetCounter                          0x08002395   Thumb Code    10  stm32f10x_wwdg.o(i.WWDG_SetCounter)
    _is_digit                                0x080023a5   Thumb Code    14  __printf_wp.o(i._is_digit)
    _sys_exit                                0x080023b3   Thumb Code     4  bsp_debuguart.o(i._sys_exit)
    com_x_uasrt_nvic_config                  0x080023b7   Thumb Code    70  dma.o(i.com_x_uasrt_nvic_config)
    com_x_usart_Init                         0x080023fd   Thumb Code    24  dma.o(i.com_x_usart_Init)
    com_x_usart_config                       0x08002415   Thumb Code   102  dma.o(i.com_x_usart_config)
    com_x_usart_dma_config                   0x08002481   Thumb Code   178  dma.o(i.com_x_usart_dma_config)
    com_x_usart_dma_read                     0x08002545   Thumb Code   130  dma.o(i.com_x_usart_dma_read)
    com_x_usart_dma_start_tx                 0x08002609   Thumb Code    20  dma.o(i.com_x_usart_dma_start_tx)
    com_x_usart_dma_tx_over                  0x08002621   Thumb Code    20  dma.o(i.com_x_usart_dma_tx_over)
    com_x_usart_gpio_config                  0x08002639   Thumb Code    54  dma.o(i.com_x_usart_gpio_config)
    com_x_usart_rcc_config                   0x08002675   Thumb Code    28  dma.o(i.com_x_usart_rcc_config)
    data_pack                                0x08002691   Thumb Code   368  dma.o(i.data_pack)
    fputc                                    0x08002815   Thumb Code    26  bsp_debuguart.o(i.fputc)
    getVelocities                            0x08002835   Thumb Code   296  bsp_control.o(i.getVelocities)
    get_data_analyze                         0x0800298d   Thumb Code   162  dma.o(i.get_data_analyze)
    main                                     0x08002a35   Thumb Code  1136  main.o(i.main)
    __aeabi_d2f                              0x08002eb1   Thumb Code     0  d2f.o(x$fpl$d2f)
    _d2f                                     0x08002eb1   Thumb Code    98  d2f.o(x$fpl$d2f)
    __fpl_dcmp_Inf                           0x08002f13   Thumb Code    24  dcmpi.o(x$fpl$dcmpinf)
    __aeabi_ddiv                             0x08002f2d   Thumb Code     0  ddiv.o(x$fpl$ddiv)
    _ddiv                                    0x08002f2d   Thumb Code   552  ddiv.o(x$fpl$ddiv)
    __aeabi_d2iz                             0x080031dd   Thumb Code     0  dfix.o(x$fpl$dfix)
    _dfix                                    0x080031dd   Thumb Code    94  dfix.o(x$fpl$dfix)
    __aeabi_i2d                              0x0800323b   Thumb Code     0  dflt_clz.o(x$fpl$dflt)
    _dflt                                    0x0800323b   Thumb Code    46  dflt_clz.o(x$fpl$dflt)
    __aeabi_cdcmple                          0x08003269   Thumb Code     0  dleqf.o(x$fpl$dleqf)
    _dcmple                                  0x08003269   Thumb Code   120  dleqf.o(x$fpl$dleqf)
    __fpl_dcmple_InfNaN                      0x080032cb   Thumb Code     0  dleqf.o(x$fpl$dleqf)
    __aeabi_dmul                             0x080032e1   Thumb Code     0  dmul.o(x$fpl$dmul)
    _dmul                                    0x080032e1   Thumb Code   332  dmul.o(x$fpl$dmul)
    __fpl_dnaninf                            0x08003435   Thumb Code   156  dnaninf.o(x$fpl$dnaninf)
    __fpl_dretinf                            0x080034d1   Thumb Code    12  dretinf.o(x$fpl$dretinf)
    __aeabi_cdrcmple                         0x080034dd   Thumb Code     0  drleqf.o(x$fpl$drleqf)
    _drcmple                                 0x080034dd   Thumb Code   108  drleqf.o(x$fpl$drleqf)
    __aeabi_f2d                              0x08003549   Thumb Code     0  f2d.o(x$fpl$f2d)
    _f2d                                     0x08003549   Thumb Code    86  f2d.o(x$fpl$f2d)
    __aeabi_fadd                             0x080035a1   Thumb Code     0  faddsub_clz.o(x$fpl$fadd)
    _fadd                                    0x080035a1   Thumb Code   196  faddsub_clz.o(x$fpl$fadd)
    __aeabi_fdiv                             0x08003665   Thumb Code     0  fdiv.o(x$fpl$fdiv)
    _fdiv                                    0x08003665   Thumb Code   384  fdiv.o(x$fpl$fdiv)
    __aeabi_f2iz                             0x080037e9   Thumb Code     0  ffix.o(x$fpl$ffix)
    _ffix                                    0x080037e9   Thumb Code    54  ffix.o(x$fpl$ffix)
    __aeabi_i2f                              0x08003821   Thumb Code     0  fflt_clz.o(x$fpl$fflt)
    _fflt                                    0x08003821   Thumb Code    48  fflt_clz.o(x$fpl$fflt)
    __aeabi_fmul                             0x08003851   Thumb Code     0  fmul.o(x$fpl$fmul)
    _fmul                                    0x08003851   Thumb Code   258  fmul.o(x$fpl$fmul)
    __fpl_fnaninf                            0x08003953   Thumb Code   140  fnaninf.o(x$fpl$fnaninf)
    __fpl_fretinf                            0x080039df   Thumb Code    10  fretinf.o(x$fpl$fretinf)
    __aeabi_fsub                             0x080039e9   Thumb Code     0  faddsub_clz.o(x$fpl$fsub)
    _fsub                                    0x080039e9   Thumb Code   234  faddsub_clz.o(x$fpl$fsub)
    __I$use$fp                               0x08003ad2   Number         0  usenofp.o(x$fpl$usenofp)
    Region$$Table$$Base                      0x08003b0c   Number         0  anon$$obj.o(Region$$Table)
    Region$$Table$$Limit                     0x08003b2c   Number         0  anon$$obj.o(Region$$Table)
    delay_1ms                                0x2000002c   Data           2  stm32f10x_it.o(.data)
    __stdout                                 0x20000034   Data           4  bsp_debuguart.o(.data)
    Target_A                                 0x20000038   Data           4  bsp_control.o(.data)
    Target_B                                 0x2000003c   Data           4  bsp_control.o(.data)
    Target_C                                 0x20000040   Data           4  bsp_control.o(.data)
    Target_D                                 0x20000044   Data           4  bsp_control.o(.data)
    Position_A                               0x20000048   Data           4  bsp_control.o(.data)
    Position_B                               0x2000004c   Data           4  bsp_control.o(.data)
    Position_C                               0x20000050   Data           4  bsp_control.o(.data)
    Position_D                               0x20000054   Data           4  bsp_control.o(.data)
    Rate_A                                   0x20000058   Data           4  bsp_control.o(.data)
    Rate_B                                   0x2000005c   Data           4  bsp_control.o(.data)
    Rate_C                                   0x20000060   Data           4  bsp_control.o(.data)
    Rate_D                                   0x20000064   Data           4  bsp_control.o(.data)
    linear_x                                 0x20000068   Data           4  bsp_control.o(.data)
    linear_y                                 0x2000006c   Data           4  bsp_control.o(.data)
    angular_z                                0x20000070   Data           4  bsp_control.o(.data)
    position_x                               0x20000074   Data           4  bsp_control.o(.data)
    position_y                               0x20000078   Data           4  bsp_control.o(.data)
    position_z                               0x2000007c   Data           4  bsp_control.o(.data)
    Velocity_KP                              0x20000080   Data           4  bsp_control.o(.data)
    Velocity_KI                              0x20000084   Data           4  bsp_control.o(.data)
    Position_KP                              0x20000088   Data           4  bsp_control.o(.data)
    Position_KI                              0x2000008c   Data           4  bsp_control.o(.data)
    Position_KD                              0x20000090   Data           4  bsp_control.o(.data)
    Usart_Receive                            0x20000104   Data           4  bsp_bluetooth.o(.data)
    Flag_Direction                           0x20000108   Data           4  bsp_bluetooth.o(.data)
    SystemCoreClock                          0x2000010c   Data           4  system_stm32f10x.o(.data)
    AHBPrescTable                            0x20000110   Data          16  system_stm32f10x.o(.data)
    USARTzTxBuffer                           0x20000134   Data          64  dma.o(.bss)
    USARTzRxBuffer                           0x20000174   Data          64  dma.o(.bss)
    USARTzRxBufferD                          0x200001b4   Data          64  dma.o(.bss)
    com_x_send_data                          0x200001f4   Data          24  dma.o(.bss)
    com_x_rcv_data                           0x2000020c   Data          12  dma.o(.bss)
    __libspace_start                         0x20000218   Data          96  libspace.o(.bss)
    __temporary_stack_top$libspace           0x20000278   Data           0  libspace.o(.bss)



==============================================================================

Memory Map of the image

  Image Entry point : 0x08000131

  Load Region LR_IROM1 (Base: 0x08000000, Size: 0x00003c60, Max: 0x00080000, ABSOLUTE, COMPRESSED[0x00003b50])

    Execution Region ER_IROM1 (Base: 0x08000000, Size: 0x00003b2c, Max: 0x00080000, ABSOLUTE)

    Base Addr    Size         Type   Attr      Idx    E Section Name        Object

    0x08000000   0x00000130   Data   RO         1060    RESET               startup_stm32f10x_hd.o
    0x08000130   0x00000008   Code   RO         4136  * !!!main             c_w.l(__main.o)
    0x08000138   0x00000034   Code   RO         4427    !!!scatter          c_w.l(__scatter.o)
    0x0800016c   0x0000005a   Code   RO         4425    !!dczerorl2         c_w.l(__dczerorl2.o)
    0x080001c6   0x00000002   PAD
    0x080001c8   0x0000001c   Code   RO         4429    !!handler_zi        c_w.l(__scatter_zi.o)
    0x080001e4   0x00000000   Code   RO         4131    .ARM.Collect$$_printf_percent$$00000000  c_w.l(_printf_percent.o)
    0x080001e4   0x00000006   Code   RO         4130    .ARM.Collect$$_printf_percent$$0000000C  c_w.l(_printf_x.o)
    0x080001ea   0x00000004   Code   RO         4211    .ARM.Collect$$_printf_percent$$00000017  c_w.l(_printf_percent_end.o)
    0x080001ee   0x00000002   Code   RO         4296    .ARM.Collect$$libinit$$00000000  c_w.l(libinit.o)
    0x080001f0   0x00000000   Code   RO         4302    .ARM.Collect$$libinit$$00000002  c_w.l(libinit2.o)
    0x080001f0   0x00000000   Code   RO         4304    .ARM.Collect$$libinit$$00000004  c_w.l(libinit2.o)
    0x080001f0   0x00000000   Code   RO         4307    .ARM.Collect$$libinit$$0000000A  c_w.l(libinit2.o)
    0x080001f0   0x00000000   Code   RO         4309    .ARM.Collect$$libinit$$0000000C  c_w.l(libinit2.o)
    0x080001f0   0x00000000   Code   RO         4311    .ARM.Collect$$libinit$$0000000E  c_w.l(libinit2.o)
    0x080001f0   0x00000000   Code   RO         4314    .ARM.Collect$$libinit$$00000011  c_w.l(libinit2.o)
    0x080001f0   0x00000000   Code   RO         4316    .ARM.Collect$$libinit$$00000013  c_w.l(libinit2.o)
    0x080001f0   0x00000000   Code   RO         4318    .ARM.Collect$$libinit$$00000015  c_w.l(libinit2.o)
    0x080001f0   0x00000000   Code   RO         4320    .ARM.Collect$$libinit$$00000017  c_w.l(libinit2.o)
    0x080001f0   0x00000000   Code   RO         4322    .ARM.Collect$$libinit$$00000019  c_w.l(libinit2.o)
    0x080001f0   0x00000000   Code   RO         4324    .ARM.Collect$$libinit$$0000001B  c_w.l(libinit2.o)
    0x080001f0   0x00000000   Code   RO         4326    .ARM.Collect$$libinit$$0000001D  c_w.l(libinit2.o)
    0x080001f0   0x00000000   Code   RO         4328    .ARM.Collect$$libinit$$0000001F  c_w.l(libinit2.o)
    0x080001f0   0x00000000   Code   RO         4330    .ARM.Collect$$libinit$$00000021  c_w.l(libinit2.o)
    0x080001f0   0x00000000   Code   RO         4332    .ARM.Collect$$libinit$$00000023  c_w.l(libinit2.o)
    0x080001f0   0x00000000   Code   RO         4334    .ARM.Collect$$libinit$$00000025  c_w.l(libinit2.o)
    0x080001f0   0x00000000   Code   RO         4338    .ARM.Collect$$libinit$$0000002C  c_w.l(libinit2.o)
    0x080001f0   0x00000000   Code   RO         4340    .ARM.Collect$$libinit$$0000002E  c_w.l(libinit2.o)
    0x080001f0   0x00000000   Code   RO         4342    .ARM.Collect$$libinit$$00000030  c_w.l(libinit2.o)
    0x080001f0   0x00000000   Code   RO         4344    .ARM.Collect$$libinit$$00000032  c_w.l(libinit2.o)
    0x080001f0   0x00000002   Code   RO         4345    .ARM.Collect$$libinit$$00000033  c_w.l(libinit2.o)
    0x080001f2   0x00000002   Code   RO         4367    .ARM.Collect$$libshutdown$$00000000  c_w.l(libshutdown.o)
    0x080001f4   0x00000000   Code   RO         4377    .ARM.Collect$$libshutdown$$00000002  c_w.l(libshutdown2.o)
    0x080001f4   0x00000000   Code   RO         4379    .ARM.Collect$$libshutdown$$00000004  c_w.l(libshutdown2.o)
    0x080001f4   0x00000000   Code   RO         4382    .ARM.Collect$$libshutdown$$00000007  c_w.l(libshutdown2.o)
    0x080001f4   0x00000000   Code   RO         4385    .ARM.Collect$$libshutdown$$0000000A  c_w.l(libshutdown2.o)
    0x080001f4   0x00000000   Code   RO         4387    .ARM.Collect$$libshutdown$$0000000C  c_w.l(libshutdown2.o)
    0x080001f4   0x00000000   Code   RO         4390    .ARM.Collect$$libshutdown$$0000000F  c_w.l(libshutdown2.o)
    0x080001f4   0x00000002   Code   RO         4391    .ARM.Collect$$libshutdown$$00000010  c_w.l(libshutdown2.o)
    0x080001f6   0x00000000   Code   RO         4204    .ARM.Collect$$rtentry$$00000000  c_w.l(__rtentry.o)
    0x080001f6   0x00000000   Code   RO         4251    .ARM.Collect$$rtentry$$00000002  c_w.l(__rtentry2.o)
    0x080001f6   0x00000006   Code   RO         4263    .ARM.Collect$$rtentry$$00000004  c_w.l(__rtentry4.o)
    0x080001fc   0x00000000   Code   RO         4253    .ARM.Collect$$rtentry$$00000009  c_w.l(__rtentry2.o)
    0x080001fc   0x00000004   Code   RO         4254    .ARM.Collect$$rtentry$$0000000A  c_w.l(__rtentry2.o)
    0x08000200   0x00000000   Code   RO         4256    .ARM.Collect$$rtentry$$0000000C  c_w.l(__rtentry2.o)
    0x08000200   0x00000008   Code   RO         4257    .ARM.Collect$$rtentry$$0000000D  c_w.l(__rtentry2.o)
    0x08000208   0x00000002   Code   RO         4299    .ARM.Collect$$rtexit$$00000000  c_w.l(rtexit.o)
    0x0800020a   0x00000000   Code   RO         4349    .ARM.Collect$$rtexit$$00000002  c_w.l(rtexit2.o)
    0x0800020a   0x00000004   Code   RO         4350    .ARM.Collect$$rtexit$$00000003  c_w.l(rtexit2.o)
    0x0800020e   0x00000006   Code   RO         4351    .ARM.Collect$$rtexit$$00000004  c_w.l(rtexit2.o)
    0x08000214   0x00000040   Code   RO         1061    .text               startup_stm32f10x_hd.o
    0x08000254   0x00000002   Code   RO         4079    .text               c_w.l(use_no_semi_2.o)
    0x08000256   0x00000002   PAD
    0x08000258   0x00000018   Code   RO         4083    .text               c_w.l(noretval__2printf.o)
    0x08000270   0x0000004e   Code   RO         4087    .text               c_w.l(_printf_pad.o)
    0x080002be   0x00000002   PAD
    0x080002c0   0x00000058   Code   RO         4092    .text               c_w.l(_printf_hex_int.o)
    0x08000318   0x00000138   Code   RO         4122    .text               c_w.l(__printf_flags_wp.o)
    0x08000450   0x0000004e   Code   RO         4132    .text               c_w.l(rt_memclr_w.o)
    0x0800049e   0x00000006   Code   RO         4134    .text               c_w.l(heapauxi.o)
    0x080004a4   0x00000002   Code   RO         4202    .text               c_w.l(use_no_semi.o)
    0x080004a6   0x000000b2   Code   RO         4207    .text               c_w.l(_printf_intcommon.o)
    0x08000558   0x00000024   Code   RO         4209    .text               c_w.l(_printf_char_file.o)
    0x0800057c   0x00000030   Code   RO         4270    .text               c_w.l(_printf_char_common.o)
    0x080005ac   0x00000008   Code   RO         4272    .text               c_w.l(ferror.o)
    0x080005b4   0x00000008   Code   RO         4282    .text               c_w.l(libspace.o)
    0x080005bc   0x0000004a   Code   RO         4285    .text               c_w.l(sys_stackheap_outer.o)
    0x08000606   0x00000012   Code   RO         4289    .text               c_w.l(exit.o)
    0x08000618   0x00000040   Code   RO          620    i.BSP_BlueTooth_GPIO_Init  bsp_bluetooth.o
    0x08000658   0x00000014   Code   RO          621    i.BSP_BlueTooth_Init  bsp_bluetooth.o
    0x0800066c   0x00000020   Code   RO          622    i.BSP_BlueTooth_NVIC_Init  bsp_bluetooth.o
    0x0800068c   0x00000048   Code   RO          623    i.BSP_BlueTooth_USART_Init  bsp_bluetooth.o
    0x080006d4   0x00000014   Code   RO          262    i.BSP_DCMotor1_Brake  bsp_dcmotor.o
    0x080006e8   0x00000014   Code   RO          264    i.BSP_DCMotor2_Brake  bsp_dcmotor.o
    0x080006fc   0x00000014   Code   RO          266    i.BSP_DCMotor3_Brake  bsp_dcmotor.o
    0x08000710   0x00000014   Code   RO          268    i.BSP_DCMotor4_Brake  bsp_dcmotor.o
    0x08000724   0x000000e8   Code   RO          270    i.BSP_DCMotor_GPIO_Init  bsp_dcmotor.o
    0x0800080c   0x0000002c   Code   RO          271    i.BSP_DCMotor_Init  bsp_dcmotor.o
    0x08000838   0x0000009c   Code   RO          272    i.BSP_DCMotor_TIM1_Init  bsp_dcmotor.o
    0x080008d4   0x000000ac   Code   RO          273    i.BSP_DCMotor_TIM8_Init  bsp_dcmotor.o
    0x08000980   0x00000044   Code   RO          236    i.BSP_Delay_Init    bsp_delay.o
    0x080009c4   0x0000004c   Code   RO          237    i.BSP_Delay_ms      bsp_delay.o
    0x08000a10   0x00000014   Code   RO          447    i.BSP_Encoder_Init  encoder.o
    0x08000a24   0x00000010   Code   RO          425    i.BSP_Timer_Init    bsp_timer.o
    0x08000a34   0x0000001e   Code   RO          426    i.BSP_Timer_NVIC_Init  bsp_timer.o
    0x08000a52   0x00000002   PAD
    0x08000a54   0x00000044   Code   RO          427    i.BSP_Timer_TIM6_Init  bsp_timer.o
    0x08000a98   0x00000004   Code   RO          145    i.BusFault_Handler  stm32f10x_it.o
    0x08000a9c   0x00000012   Code   RO          690    i.DMA1_Channel4_IRQHandler  dma.o
    0x08000aae   0x00000002   PAD
    0x08000ab0   0x0000001c   Code   RO         1835    i.DMA_ClearFlag     stm32f10x_dma.o
    0x08000acc   0x00000018   Code   RO         1837    i.DMA_Cmd           stm32f10x_dma.o
    0x08000ae4   0x0000014c   Code   RO         1838    i.DMA_DeInit        stm32f10x_dma.o
    0x08000c30   0x00000008   Code   RO         1839    i.DMA_GetCurrDataCounter  stm32f10x_dma.o
    0x08000c38   0x0000002c   Code   RO         1841    i.DMA_GetITStatus   stm32f10x_dma.o
    0x08000c64   0x00000012   Code   RO         1842    i.DMA_ITConfig      stm32f10x_dma.o
    0x08000c76   0x0000003c   Code   RO         1843    i.DMA_Init          stm32f10x_dma.o
    0x08000cb2   0x00000002   Code   RO          146    i.DebugMon_Handler  stm32f10x_it.o
    0x08000cb4   0x000000d4   Code   RO          448    i.Encoder_Init_TIM2  encoder.o
    0x08000d88   0x0000009c   Code   RO          449    i.Encoder_Init_TIM3  encoder.o
    0x08000e24   0x0000009c   Code   RO          450    i.Encoder_Init_TIM4  encoder.o
    0x08000ec0   0x0000009c   Code   RO          451    i.Encoder_Init_TIM5  encoder.o
    0x08000f5c   0x00000116   Code   RO         2261    i.GPIO_Init         stm32f10x_gpio.o
    0x08001072   0x00000002   PAD
    0x08001074   0x00000090   Code   RO         2263    i.GPIO_PinRemapConfig  stm32f10x_gpio.o
    0x08001104   0x00000004   Code   RO         2268    i.GPIO_ResetBits    stm32f10x_gpio.o
    0x08001108   0x00000004   Code   RO          147    i.HardFault_Handler  stm32f10x_it.o
    0x0800110c   0x000000ac   Code   RO          536    i.Incremental_PI_A  bsp_control.o
    0x080011b8   0x000000ac   Code   RO          537    i.Incremental_PI_B  bsp_control.o
    0x08001264   0x000000ac   Code   RO          538    i.Incremental_PI_C  bsp_control.o
    0x08001310   0x000000ac   Code   RO          539    i.Incremental_PI_D  bsp_control.o
    0x080013bc   0x00000030   Code   RO            1    i.JTAG_Set          main.o
    0x080013ec   0x000000bc   Code   RO          540    i.Kinematic_Analysis  bsp_control.o
    0x080014a8   0x00000004   Code   RO          148    i.MemManage_Handler  stm32f10x_it.o
    0x080014ac   0x00000002   Code   RO          149    i.NMI_Handler       stm32f10x_it.o
    0x080014ae   0x00000002   PAD
    0x080014b0   0x00000070   Code   RO         1110    i.NVIC_Init         misc.o
    0x08001520   0x00000014   Code   RO         1111    i.NVIC_PriorityGroupConfig  misc.o
    0x08001534   0x00000002   Code   RO          150    i.PendSV_Handler    stm32f10x_it.o
    0x08001536   0x00000002   PAD
    0x08001538   0x00000020   Code   RO         2676    i.RCC_AHBPeriphClockCmd  stm32f10x_rcc.o
    0x08001558   0x00000020   Code   RO         2677    i.RCC_APB1PeriphClockCmd  stm32f10x_rcc.o
    0x08001578   0x00000020   Code   RO         2679    i.RCC_APB2PeriphClockCmd  stm32f10x_rcc.o
    0x08001598   0x000000d4   Code   RO         2687    i.RCC_GetClocksFreq  stm32f10x_rcc.o
    0x0800166c   0x00000068   Code   RO          452    i.Read_Encoder      encoder.o
    0x080016d4   0x00000002   Code   RO          151    i.SVC_Handler       stm32f10x_it.o
    0x080016d6   0x00000008   Code   RO         1076    i.SetSysClock       system_stm32f10x.o
    0x080016de   0x00000002   PAD
    0x080016e0   0x000000e0   Code   RO         1077    i.SetSysClockTo72   system_stm32f10x.o
    0x080017c0   0x000000bc   Code   RO          546    i.Set_Pwm           bsp_control.o
    0x0800187c   0x00000028   Code   RO         1114    i.SysTick_CLKSourceConfig  misc.o
    0x080018a4   0x00000002   Code   RO          152    i.SysTick_Handler   stm32f10x_it.o
    0x080018a6   0x00000002   PAD
    0x080018a8   0x00000060   Code   RO         1079    i.SystemInit        system_stm32f10x.o
    0x08001908   0x00000080   Code   RO         3295    i.TI1_Config        stm32f10x_tim.o
    0x08001988   0x00000098   Code   RO         3296    i.TI2_Config        stm32f10x_tim.o
    0x08001a20   0x00000090   Code   RO         3297    i.TI3_Config        stm32f10x_tim.o
    0x08001ab0   0x00000098   Code   RO         3298    i.TI4_Config        stm32f10x_tim.o
    0x08001b48   0x00000018   Code   RO          453    i.TIM2_IRQHandler   encoder.o
    0x08001b60   0x00000018   Code   RO          454    i.TIM3_IRQHandler   encoder.o
    0x08001b78   0x00000018   Code   RO          455    i.TIM4_IRQHandler   encoder.o
    0x08001b90   0x00000018   Code   RO          456    i.TIM5_IRQHandler   encoder.o
    0x08001ba8   0x00000038   Code   RO          153    i.TIM6_IRQHandler   stm32f10x_it.o
    0x08001be0   0x00000018   Code   RO         3299    i.TIM_ARRPreloadConfig  stm32f10x_tim.o
    0x08001bf8   0x00000006   Code   RO         3305    i.TIM_ClearFlag     stm32f10x_tim.o
    0x08001bfe   0x00000006   Code   RO         3306    i.TIM_ClearITPendingBit  stm32f10x_tim.o
    0x08001c04   0x00000018   Code   RO         3311    i.TIM_Cmd           stm32f10x_tim.o
    0x08001c1c   0x0000001e   Code   RO         3313    i.TIM_CtrlPWMOutputs  stm32f10x_tim.o
    0x08001c3a   0x00000042   Code   RO         3320    i.TIM_EncoderInterfaceConfig  stm32f10x_tim.o
    0x08001c7c   0x00000022   Code   RO         3332    i.TIM_GetITStatus   stm32f10x_tim.o
    0x08001c9e   0x00000002   PAD
    0x08001ca0   0x000000ac   Code   RO         3334    i.TIM_ICInit        stm32f10x_tim.o
    0x08001d4c   0x00000012   Code   RO         3335    i.TIM_ICStructInit  stm32f10x_tim.o
    0x08001d5e   0x00000012   Code   RO         3336    i.TIM_ITConfig      stm32f10x_tim.o
    0x08001d70   0x00000098   Code   RO         3340    i.TIM_OC1Init       stm32f10x_tim.o
    0x08001e08   0x00000012   Code   RO         3343    i.TIM_OC1PreloadConfig  stm32f10x_tim.o
    0x08001e1a   0x00000002   PAD
    0x08001e1c   0x000000a4   Code   RO         3345    i.TIM_OC2Init       stm32f10x_tim.o
    0x08001ec0   0x0000001a   Code   RO         3348    i.TIM_OC2PreloadConfig  stm32f10x_tim.o
    0x08001eda   0x00000002   PAD
    0x08001edc   0x000000a0   Code   RO         3350    i.TIM_OC3Init       stm32f10x_tim.o
    0x08001f7c   0x00000012   Code   RO         3353    i.TIM_OC3PreloadConfig  stm32f10x_tim.o
    0x08001f8e   0x00000002   PAD
    0x08001f90   0x0000007c   Code   RO         3355    i.TIM_OC4Init       stm32f10x_tim.o
    0x0800200c   0x0000001a   Code   RO         3357    i.TIM_OC4PreloadConfig  stm32f10x_tim.o
    0x08002026   0x00000004   Code   RO         3372    i.TIM_SetCompare1   stm32f10x_tim.o
    0x0800202a   0x00000004   Code   RO         3373    i.TIM_SetCompare2   stm32f10x_tim.o
    0x0800202e   0x00000004   Code   RO         3374    i.TIM_SetCompare3   stm32f10x_tim.o
    0x08002032   0x00000006   Code   RO         3375    i.TIM_SetCompare4   stm32f10x_tim.o
    0x08002038   0x00000004   Code   RO         3376    i.TIM_SetCounter    stm32f10x_tim.o
    0x0800203c   0x00000012   Code   RO         3377    i.TIM_SetIC1Prescaler  stm32f10x_tim.o
    0x0800204e   0x0000001a   Code   RO         3378    i.TIM_SetIC2Prescaler  stm32f10x_tim.o
    0x08002068   0x00000012   Code   RO         3379    i.TIM_SetIC3Prescaler  stm32f10x_tim.o
    0x0800207a   0x0000001a   Code   RO         3380    i.TIM_SetIC4Prescaler  stm32f10x_tim.o
    0x08002094   0x000000a4   Code   RO         3382    i.TIM_TimeBaseInit  stm32f10x_tim.o
    0x08002138   0x00000012   Code   RO         3383    i.TIM_TimeBaseStructInit  stm32f10x_tim.o
    0x0800214a   0x00000002   PAD
    0x0800214c   0x00000020   Code   RO          691    i.USART1_IRQHandler  dma.o
    0x0800216c   0x0000005c   Code   RO          624    i.USART2_IRQHandler  bsp_bluetooth.o
    0x080021c8   0x00000018   Code   RO         3847    i.USART_Cmd         stm32f10x_usart.o
    0x080021e0   0x00000012   Code   RO         3848    i.USART_DMACmd      stm32f10x_usart.o
    0x080021f2   0x00000054   Code   RO         3851    i.USART_GetITStatus  stm32f10x_usart.o
    0x08002246   0x0000004a   Code   RO         3853    i.USART_ITConfig    stm32f10x_usart.o
    0x08002290   0x000000d8   Code   RO         3854    i.USART_Init        stm32f10x_usart.o
    0x08002368   0x0000000a   Code   RO         3861    i.USART_ReceiveData  stm32f10x_usart.o
    0x08002372   0x00000004   Code   RO          154    i.UsageFault_Handler  stm32f10x_it.o
    0x08002376   0x00000002   PAD
    0x08002378   0x0000000c   Code   RO         4023    i.WWDG_ClearFlag    stm32f10x_wwdg.o
    0x08002384   0x0000000e   Code   RO          815    i.WWDG_IRQHandler   gy85.o
    0x08002392   0x00000002   PAD
    0x08002394   0x00000010   Code   RO         4028    i.WWDG_SetCounter   stm32f10x_wwdg.o
    0x080023a4   0x0000000e   Code   RO         4120    i._is_digit         c_w.l(__printf_wp.o)
    0x080023b2   0x00000004   Code   RO          341    i._sys_exit         bsp_debuguart.o
    0x080023b6   0x00000046   Code   RO          692    i.com_x_uasrt_nvic_config  dma.o
    0x080023fc   0x00000018   Code   RO          693    i.com_x_usart_Init  dma.o
    0x08002414   0x0000006c   Code   RO          694    i.com_x_usart_config  dma.o
    0x08002480   0x000000c4   Code   RO          695    i.com_x_usart_dma_config  dma.o
    0x08002544   0x000000c4   Code   RO          696    i.com_x_usart_dma_read  dma.o
    0x08002608   0x00000018   Code   RO          697    i.com_x_usart_dma_start_tx  dma.o
    0x08002620   0x00000018   Code   RO          698    i.com_x_usart_dma_tx_over  dma.o
    0x08002638   0x0000003c   Code   RO          699    i.com_x_usart_gpio_config  dma.o
    0x08002674   0x0000001c   Code   RO          700    i.com_x_usart_rcc_config  dma.o
    0x08002690   0x00000184   Code   RO          701    i.data_pack         dma.o
    0x08002814   0x00000020   Code   RO          343    i.fputc             bsp_debuguart.o
    0x08002834   0x00000158   Code   RO          547    i.getVelocities     bsp_control.o
    0x0800298c   0x000000a8   Code   RO          702    i.get_data_analyze  dma.o
    0x08002a34   0x0000047c   Code   RO            2    i.main              main.o
    0x08002eb0   0x00000062   Code   RO         4138    x$fpl$d2f           fz_ws.l(d2f.o)
    0x08002f12   0x00000018   Code   RO         4212    x$fpl$dcmpinf       fz_ws.l(dcmpi.o)
    0x08002f2a   0x00000002   PAD
    0x08002f2c   0x000002b0   Code   RO         4147    x$fpl$ddiv          fz_ws.l(ddiv.o)
    0x080031dc   0x0000005e   Code   RO         4150    x$fpl$dfix          fz_ws.l(dfix.o)
    0x0800323a   0x0000002e   Code   RO         4155    x$fpl$dflt          fz_ws.l(dflt_clz.o)
    0x08003268   0x00000078   Code   RO         4160    x$fpl$dleqf         fz_ws.l(dleqf.o)
    0x080032e0   0x00000154   Code   RO         4162    x$fpl$dmul          fz_ws.l(dmul.o)
    0x08003434   0x0000009c   Code   RO         4214    x$fpl$dnaninf       fz_ws.l(dnaninf.o)
    0x080034d0   0x0000000c   Code   RO         4216    x$fpl$dretinf       fz_ws.l(dretinf.o)
    0x080034dc   0x0000006c   Code   RO         4164    x$fpl$drleqf        fz_ws.l(drleqf.o)
    0x08003548   0x00000056   Code   RO         4166    x$fpl$f2d           fz_ws.l(f2d.o)
    0x0800359e   0x00000002   PAD
    0x080035a0   0x000000c4   Code   RO         4168    x$fpl$fadd          fz_ws.l(faddsub_clz.o)
    0x08003664   0x00000184   Code   RO         4175    x$fpl$fdiv          fz_ws.l(fdiv.o)
    0x080037e8   0x00000036   Code   RO         4178    x$fpl$ffix          fz_ws.l(ffix.o)
    0x0800381e   0x00000002   PAD
    0x08003820   0x00000030   Code   RO         4183    x$fpl$fflt          fz_ws.l(fflt_clz.o)
    0x08003850   0x00000102   Code   RO         4190    x$fpl$fmul          fz_ws.l(fmul.o)
    0x08003952   0x0000008c   Code   RO         4220    x$fpl$fnaninf       fz_ws.l(fnaninf.o)
    0x080039de   0x0000000a   Code   RO         4222    x$fpl$fretinf       fz_ws.l(fretinf.o)
    0x080039e8   0x000000ea   Code   RO         4170    x$fpl$fsub          fz_ws.l(faddsub_clz.o)
    0x08003ad2   0x00000000   Code   RO         4224    x$fpl$usenofp       fz_ws.l(usenofp.o)
    0x08003ad2   0x00000028   Data   RO         4093    .constdata          c_w.l(_printf_hex_int.o)
    0x08003afa   0x00000011   Data   RO         4123    .constdata          c_w.l(__printf_flags_wp.o)
    0x08003b0b   0x00000001   PAD
    0x08003b0c   0x00000020   Data   RO         4423    Region$$Table       anon$$obj.o


    Execution Region RW_IRAM1 (Base: 0x20000000, Size: 0x00000878, Max: 0x00010000, ABSOLUTE, COMPRESSED[0x00000024])

    Base Addr    Size         Type   Attr      Idx    E Section Name        Object

    0x20000000   0x0000002c   Data   RW            3    .data               main.o
    0x2000002c   0x00000002   Data   RW          155    .data               stm32f10x_it.o
    0x2000002e   0x00000004   Data   RW          239    .data               bsp_delay.o
    0x20000032   0x00000002   PAD
    0x20000034   0x00000004   Data   RW          344    .data               bsp_debuguart.o
    0x20000038   0x000000cc   Data   RW          548    .data               bsp_control.o
    0x20000104   0x00000008   Data   RW          626    .data               bsp_bluetooth.o
    0x2000010c   0x00000014   Data   RW         1080    .data               system_stm32f10x.o
    0x20000120   0x00000014   Data   RW         2707    .data               stm32f10x_rcc.o
    0x20000134   0x000000e4   Zero   RW          703    .bss                dma.o
    0x20000218   0x00000060   Zero   RW         4283    .bss                c_w.l(libspace.o)
    0x20000278   0x00000200   Zero   RW         1059    HEAP                startup_stm32f10x_hd.o
    0x20000478   0x00000400   Zero   RW         1058    STACK               startup_stm32f10x_hd.o


==============================================================================

Image component sizes


      Code (inc. data)   RO Data    RW Data    ZI Data      Debug   Object Name

       280         22          0          8          0       2980   bsp_bluetooth.o
      1408        184          0        204          0       8642   bsp_control.o
       684         44          0          0          0       4571   bsp_dcmotor.o
        36          6          0          4          0       2890   bsp_debuguart.o
       144         22          0          4          0       1240   bsp_delay.o
       114          4          0          0          0       1557   bsp_timer.o
      1336        136          0          0        228       7654   dma.o
       900         66          0          0          0       5614   encoder.o
        14          0          0          0          0        466   gy85.o
      1196        126          0         44          0     266978   main.o
       172         22          0          0          0       2225   misc.o
        64         26        304          0       1536        856   startup_stm32f10x_hd.o
       514         26          0          0          0       6016   stm32f10x_dma.o
       426          6          0          0          0       3503   stm32f10x_gpio.o
        82         10          0          2          0       4608   stm32f10x_it.o
       308         38          0         20          0       5230   stm32f10x_rcc.o
      1954        200          0          0          0      22225   stm32f10x_tim.o
       426          6          0          0          0       5861   stm32f10x_usart.o
        28         10          0          0          0       1043   stm32f10x_wwdg.o
       328         28          0         20          0       2249   system_stm32f10x.o

    ----------------------------------------------------------------------
     10442        982        336        308       1764     356408   Object Totals
         0          0         32          0          0          0   (incl. Generated)
        28          0          0          2          0          0   (incl. Padding)

    ----------------------------------------------------------------------

      Code (inc. data)   RO Data    RW Data    ZI Data      Debug   Library Member Name

        90          0          0          0          0          0   __dczerorl2.o
         8          0          0          0          0         68   __main.o
       312          4         17          0          0         92   __printf_flags_wp.o
        14          0          0          0          0         68   __printf_wp.o
         0          0          0          0          0          0   __rtentry.o
        12          0          0          0          0          0   __rtentry2.o
         6          0          0          0          0          0   __rtentry4.o
        52          8          0          0          0          0   __scatter.o
        28          0          0          0          0          0   __scatter_zi.o
        48          6          0          0          0         96   _printf_char_common.o
        36          4          0          0          0         80   _printf_char_file.o
        88          4         40          0          0         88   _printf_hex_int.o
       178          0          0          0          0         88   _printf_intcommon.o
        78          0          0          0          0        108   _printf_pad.o
         0          0          0          0          0          0   _printf_percent.o
         4          0          0          0          0          0   _printf_percent_end.o
         6          0          0          0          0          0   _printf_x.o
        18          0          0          0          0         80   exit.o
         8          0          0          0          0         68   ferror.o
         6          0          0          0          0        152   heapauxi.o
         2          0          0          0          0          0   libinit.o
         2          0          0          0          0          0   libinit2.o
         2          0          0          0          0          0   libshutdown.o
         2          0          0          0          0          0   libshutdown2.o
         8          4          0          0         96         68   libspace.o
        24          4          0          0          0         84   noretval__2printf.o
        78          0          0          0          0         80   rt_memclr_w.o
         2          0          0          0          0          0   rtexit.o
        10          0          0          0          0          0   rtexit2.o
        74          0          0          0          0         80   sys_stackheap_outer.o
         2          0          0          0          0         68   use_no_semi.o
         2          0          0          0          0         68   use_no_semi_2.o
        98          4          0          0          0         92   d2f.o
        24          0          0          0          0         68   dcmpi.o
       688        140          0          0          0        208   ddiv.o
        94          4          0          0          0         92   dfix.o
        46          0          0          0          0         68   dflt_clz.o
       120          4          0          0          0         92   dleqf.o
       340         12          0          0          0        104   dmul.o
       156          4          0          0          0         92   dnaninf.o
        12          0          0          0          0         68   dretinf.o
       108          0          0          0          0         80   drleqf.o
        86          4          0          0          0         84   f2d.o
       430          8          0          0          0        168   faddsub_clz.o
       388         76          0          0          0         96   fdiv.o
        54          4          0          0          0         84   ffix.o
        48          0          0          0          0         68   fflt_clz.o
       258          4          0          0          0         84   fmul.o
       140          4          0          0          0         84   fnaninf.o
        10          0          0          0          0         68   fretinf.o
         0          0          0          0          0          0   usenofp.o

    ----------------------------------------------------------------------
      4312        302         58          0         96       3136   Library Totals
        12          0          1          0          0          0   (incl. Padding)

    ----------------------------------------------------------------------

      Code (inc. data)   RO Data    RW Data    ZI Data      Debug   Library Name

      1200         34         57          0         96       1436   c_w.l
      3100        268          0          0          0       1700   fz_ws.l

    ----------------------------------------------------------------------
      4312        302         58          0         96       3136   Library Totals

    ----------------------------------------------------------------------

==============================================================================


      Code (inc. data)   RO Data    RW Data    ZI Data      Debug   

     14754       1284        394        308       1860     351688   Grand Totals
     14754       1284        394         36       1860     351688   ELF Image Totals (compressed)
     14754       1284        394         36          0          0   ROM Totals

==============================================================================

    Total RO  Size (Code + RO Data)                15148 (  14.79kB)
    Total RW  Size (RW Data + ZI Data)              2168 (   2.12kB)
    Total ROM Size (Code + RO Data + RW Data)      15184 (  14.83kB)

==============================================================================

